ARM Linker, 5.03 [Build 76] [MDK-ARM Lite]

==============================================================================

Section Cross References

    main.o(.text) refers to queue.o(.text) for xQueueGenericReceive
    main.o(.text) refers to printf2.o(i.__0printf$2) for __2printf
    main.o(.text) refers to tasks.o(.text) for vTaskDelete
    main.o(.text) refers to system_stm32f4xx.o(.text) for SystemInit
    main.o(.text) refers to misc.o(.text) for NVIC_PriorityGroupConfig
    main.o(.text) refers to partest.o(.text) for vParTestInitialise
    main.o(.text) refers to flop.o(.text) for xAreMathsTaskStillRunning
    main.o(.text) refers to integer.o(.text) for xAreIntegerMathsTaskStillRunning
    main.o(.text) refers to dynamic.o(.text) for xAreDynamicPriorityTasksStillRunning
    main.o(.text) refers to blockq.o(.text) for xAreBlockingQueuesStillRunning
    main.o(.text) refers to blocktim.o(.text) for xAreBlockTimeTestTasksStillRunning
    main.o(.text) refers to genqtest.o(.text) for xAreGenericQueueTasksStillRunning
    main.o(.text) refers to recmutex.o(.text) for xAreRecursiveMutexTasksStillRunning
    main.o(.text) refers to death.o(.text) for xIsCreateTaskStillRunning
    main.o(.text) refers to pollq.o(.text) for xArePollingQueuesStillRunning
    main.o(.text) refers to semtest.o(.text) for xAreSemaphoreTasksStillRunning
    main.o(.text) refers to timers.o(.text) for xTimerGenericCommand
    main.o(.text) refers to port.o(.emb_text) for ulPortSetInterruptMask
    main.o(.text) refers to regtest.o(.text) for vRegTestClearFlopRegistersToParameterValue
    main.o(.text) refers to main.o(.data) for xSemaphoreHighP
    main.o(.text) refers to countsem.o(.text) for vStartCountingSemaphoreTasks
    main.o(.text) refers to stm32f4xx_exti.o(.text) for EXTI_ClearITPendingBit
    partest.o(.text) refers to stm32f4_discovery.o(.text) for STM_EVAL_LEDInit
    partest.o(.text) refers to port.o(.text) for vPortEnterCritical
    partest.o(.text) refers to partest.o(.constdata) for xLEDs
    death.o(.text) refers to tasks.o(.text) for vTaskDelay
    death.o(.text) refers to heap_2.o(.text) for vPortFree
    death.o(.text) refers to death.o(.data) for xCreatedTask
    integer.o(.text) refers to port.o(.text) for vPortEnterCritical
    integer.o(.text) refers to tasks.o(.text) for xTaskGenericCreate
    integer.o(.text) refers to integer.o(.data) for xTaskCheck
    semtest.o(.text) refers to port.o(.text) for vPortEnterCritical
    semtest.o(.text) refers to queue.o(.text) for xQueueGenericReceive
    semtest.o(.text) refers to tasks.o(.text) for vTaskDelay
    semtest.o(.text) refers to heap_2.o(.text) for pvPortMalloc
    semtest.o(.text) refers to semtest.o(.data) for sNextCheckVariable
    regtest.o(.text) refers to main.o(.data) for ulRegTest1LoopCounter
    recmutex.o(.text) refers to queue.o(.text) for xQueueTakeMutexRecursive
    recmutex.o(.text) refers to tasks.o(.text) for vTaskResume
    recmutex.o(.text) refers to port.o(.emb_text) for ulPortSetInterruptMask
    recmutex.o(.text) refers to recmutex.o(.data) for xMutex
    pollq.o(.text) refers to queue.o(.text) for xQueueGenericSend
    pollq.o(.text) refers to port.o(.text) for vPortEnterCritical
    pollq.o(.text) refers to tasks.o(.text) for vTaskDelay
    pollq.o(.text) refers to pollq.o(.data) for xPollingProducerCount
    genqtest.o(.text) refers to tasks.o(.text) for vTaskSuspend
    genqtest.o(.text) refers to queue.o(.text) for xQueueGenericReceive
    genqtest.o(.text) refers to genqtest.o(.data) for xErrorDetected
    flop.o(.text) refers to heap_2.o(.text) for pvPortMalloc
    flop.o(.text) refers to dfltui.o(.text) for __aeabi_ui2d
    flop.o(.text) refers to dmul.o(.text) for __aeabi_dmul
    flop.o(.text) refers to dadd.o(.text) for __aeabi_dadd
    flop.o(.text) refers to fabs.o(i.__hardfp_fabs) for __hardfp_fabs
    flop.o(.text) refers to cdrcmple.o(.text) for __aeabi_cdrcmple
    flop.o(.text) refers to ddiv.o(.text) for __aeabi_ddiv
    flop.o(.text) refers to tasks.o(.text) for xTaskGenericCreate
    flop.o(.text) refers to flop.o(.data) for usTaskCheck
    flash.o(.text) refers to port.o(.text) for vPortEnterCritical
    flash.o(.text) refers to tasks.o(.text) for xTaskGetTickCount
    flash.o(.text) refers to partest.o(.text) for vParTestToggleLED
    flash.o(.text) refers to flash.o(.data) for uxFlashTaskNumber
    dynamic.o(.text) refers to tasks.o(.text) for vTaskSuspendAll
    dynamic.o(.text) refers to queue.o(.text) for xQueueGenericReceive
    dynamic.o(.text) refers to port.o(.text) for vPortEnterCritical
    dynamic.o(.text) refers to port.o(.emb_text) for ulPortSetInterruptMask
    dynamic.o(.text) refers to dynamic.o(.data) for xSuspendedTestQueue
    countsem.o(.text) refers to queue.o(.text) for xQueueGenericSend
    countsem.o(.text) refers to tasks.o(.text) for xTaskGenericCreate
    countsem.o(.text) refers to countsem.o(.data) for xErrorDetected
    countsem.o(.text) refers to countsem.o(.bss) for xParameters
[...]
    entry2.o(__vectab_stack_and_reset_area) refers to startup_stm32f40xx.o(STACK) for __initial_sp
    entry2.o(__vectab_stack_and_reset_area) refers to entry.o(.ARM.Collect$$$$00000000) for __main
    entry5.o(.ARM.Collect$$$$00000004) refers to init.o(.text) for __scatterload
    entry9a.o(.ARM.Collect$$$$0000000B) refers to main.o(.text) for main
    entry9b.o(.ARM.Collect$$$$0000000C) refers to main.o(.text) for main
    uldiv.o(.text) refers to llushr.o(.text) for __aeabi_llsr
    uldiv.o(.text) refers to llshl.o(.text) for __aeabi_llsl
    depilogue.o(.text) refers to llshl.o(.text) for __aeabi_llsl
    depilogue.o(.text) refers to llushr.o(.text) for __aeabi_llsr
    dfixul.o(.text) refers to llushr.o(.text) for __aeabi_llsr
    dfixul.o(.text) refers to llshl.o(.text) for __aeabi_llsl
    init.o(.text) refers to entry5.o(.ARM.Collect$$$$00000004) for __main_after_scatterload


==============================================================================

Removing Unused input sections from the image.

    Removing main.o(.rev16_text), (4 bytes).
    Removing main.o(.revsh_text), (4 bytes).
    Removing partest.o(.rev16_text), (4 bytes).
    Removing partest.o(.revsh_text), (4 bytes).
    Removing stm32f4xx_it.o(.rev16_text), (4 bytes).
    Removing stm32f4xx_it.o(.revsh_text), (4 bytes).
    Removing flash.o(.text), (132 bytes).
    Removing flash.o(.data), (4 bytes).
    Removing debugout.o(.rev16_text), (4 bytes).
    Removing debugout.o(.revsh_text), (4 bytes).
    Removing stm32f4_discovery.o(.rev16_text), (4 bytes).
    Removing stm32f4_discovery.o(.revsh_text), (4 bytes).
    Removing croutine.o(.text), (752 bytes).
    Removing croutine.o(.bss), (100 bytes).
    Removing croutine.o(.data), (28 bytes).
    Removing event_groups.o(.text), (894 bytes).
    Removing misc.o(.rev16_text), (4 bytes).
    Removing misc.o(.revsh_text), (4 bytes).
    Removing stm32f4xx_exti.o(.rev16_text), (4 bytes).
    Removing stm32f4xx_exti.o(.revsh_text), (4 bytes).
    Removing stm32f4xx_gpio.o(.rev16_text), (4 bytes).
    Removing stm32f4xx_gpio.o(.revsh_text), (4 bytes).
    Removing stm32f4xx_rcc.o(.rev16_text), (4 bytes).
    Removing stm32f4xx_rcc.o(.revsh_text), (4 bytes).
    Removing stm32f4xx_syscfg.o(.rev16_text), (4 bytes).
    Removing stm32f4xx_syscfg.o(.revsh_text), (4 bytes).
    Removing startup_stm32f40xx.o(HEAP), (512 bytes).
    Removing system_stm32f4xx.o(.rev16_text), (4 bytes).
    Removing system_stm32f4xx.o(.revsh_text), (4 bytes).
    Removing dfixul.o(.text), (48 bytes).

30 unused section(s) (total 2558 bytes) removed from the image.

==============================================================================

Image Symbol Table

    Local Symbols

    Symbol Name                              Value     Ov Type        Size  Object(Section)

    ../clib/../cmprslib/zerorunl2.c          0x00000000   Number         0  __dczerorl2.o ABSOLUTE
    ../clib/microlib/division.c              0x00000000   Number         0  uidiv.o ABSOLUTE
    ../clib/microlib/division.c              0x00000000   Number         0  uldiv.o ABSOLUTE
    ../clib/microlib/init/entry.s            0x00000000   Number         0  entry11a.o ABSOLUTE
    ../clib/microlib/init/entry.s            0x00000000   Number         0  entry7a.o ABSOLUTE
    ../clib/microlib/init/entry.s            0x00000000   Number         0  entry.o ABSOLUTE
    ../clib/microlib/init/entry.s            0x00000000   Number         0  entry11b.o ABSOLUTE
    ../clib/microlib/init/entry.s            0x00000000   Number         0  entry9a.o ABSOLUTE
    ../clib/microlib/init/entry.s            0x00000000   Number         0  entry10b.o ABSOLUTE
    ../clib/microlib/init/entry.s            0x00000000   Number         0  entry10a.o ABSOLUTE
    ../clib/microlib/init/entry.s            0x00000000   Number         0  entry9b.o ABSOLUTE
    ../clib/microlib/init/entry.s            0x00000000   Number         0  entry2.o ABSOLUTE
    ../clib/microlib/init/entry.s            0x00000000   Number         0  entry8a.o ABSOLUTE
    ../clib/microlib/init/entry.s            0x00000000   Number         0  entry8b.o ABSOLUTE
    ../clib/microlib/init/entry.s            0x00000000   Number         0  entry5.o ABSOLUTE
    ../clib/microlib/init/entry.s            0x00000000   Number         0  entry7b.o ABSOLUTE
    ../clib/microlib/longlong.c              0x00000000   Number         0  llushr.o ABSOLUTE
    ../clib/microlib/longlong.c              0x00000000   Number         0  llsshr.o ABSOLUTE
    ../clib/microlib/longlong.c              0x00000000   Number         0  llshl.o ABSOLUTE
    ../clib/microlib/printf/printf.c         0x00000000   Number         0  printf0.o ABSOLUTE
    ../clib/microlib/printf/printf.c         0x00000000   Number         0  printfb.o ABSOLUTE
    ../clib/microlib/printf/printf.c         0x00000000   Number         0  printf4.o ABSOLUTE
    ../clib/microlib/printf/printf.c         0x00000000   Number         0  printfa.o ABSOLUTE
    ../clib/microlib/printf/printf.c         0x00000000   Number         0  printf3.o ABSOLUTE
    ../clib/microlib/printf/printf.c         0x00000000   Number         0  printf8.o ABSOLUTE
    ../clib/microlib/printf/printf.c         0x00000000   Number         0  printf7.o ABSOLUTE
    ../clib/microlib/printf/printf.c         0x00000000   Number         0  printf1.o ABSOLUTE
    ../clib/microlib/printf/printf.c         0x00000000   Number         0  printf2.o ABSOLUTE
    ../clib/microlib/printf/printf.c         0x00000000   Number         0  printf6.o ABSOLUTE
    ../clib/microlib/printf/printf.c         0x00000000   Number         0  printf5.o ABSOLUTE
    ../clib/microlib/printf/stubs.s          0x00000000   Number         0  stubs.o ABSOLUTE
    ../clib/microlib/stdio/streams.c         0x00000000   Number         0  stdout.o ABSOLUTE
    ../clib/microlib/string/memcmp.c         0x00000000   Number         0  memcmp.o ABSOLUTE
    ../clib/microlib/string/memcpy.c         0x00000000   Number         0  memcpya.o ABSOLUTE
    ../clib/microlib/string/memcpy.c         0x00000000   Number         0  memcpyb.o ABSOLUTE
    ../clib/microlib/string/memset.c         0x00000000   Number         0  memseta.o ABSOLUTE
    ../clib/microlib/stubs.s                 0x00000000   Number         0  iusefp.o ABSOLUTE
    ../fplib/microlib/fpadd.c                0x00000000   Number         0  dadd.o ABSOLUTE
    ../fplib/microlib/fpdiv.c                0x00000000   Number         0  ddiv.o ABSOLUTE
    ../fplib/microlib/fpepilogue.c           0x00000000   Number         0  depilogue.o ABSOLUTE
    ../fplib/microlib/fpfix.c                0x00000000   Number         0  dfixul.o ABSOLUTE
    ../fplib/microlib/fpflt.c                0x00000000   Number         0  dfltui.o ABSOLUTE
    ../fplib/microlib/fpmul.c                0x00000000   Number         0  dmul.o ABSOLUTE
    ../mathlib/fabs.c                        0x00000000   Number         0  fabs.o ABSOLUTE
    ..\FreeRTOS\croutine.c                   0x00000000   Number         0  croutine.o ABSOLUTE
    ..\FreeRTOS\event_groups.c               0x00000000   Number         0  event_groups.o ABSOLUTE
    ..\FreeRTOS\list.c                       0x00000000   Number         0  list.o ABSOLUTE
    ..\FreeRTOS\portable\MemMang\heap_2.c    0x00000000   Number         0  heap_2.o ABSOLUTE
    ..\FreeRTOS\portable\RVDS\ARM_CM4F\port.c 0x00000000   Number         0  port.o ABSOLUTE
    ..\FreeRTOS\queue.c                      0x00000000   Number         0  queue.o ABSOLUTE
    ..\FreeRTOS\tasks.c                      0x00000000   Number         0  tasks.o ABSOLUTE
    ..\FreeRTOS\timers.c                     0x00000000   Number         0  timers.o ABSOLUTE
    ..\Libraries\STM32F4xx_StdPeriph_Driver\src\misc.c 0x00000000   Number         0  misc.o ABSOLUTE
    ..\Libraries\STM32F4xx_StdPeriph_Driver\src\stm32f4xx_exti.c 0x00000000   Number         0  stm32f4xx_exti.o ABSOLUTE
    ..\Libraries\STM32F4xx_StdPeriph_Driver\src\stm32f4xx_gpio.c 0x00000000   Number         0  stm32f4xx_gpio.o ABSOLUTE
    ..\Libraries\STM32F4xx_StdPeriph_Driver\src\stm32f4xx_rcc.c 0x00000000   Number         0  stm32f4xx_rcc.o ABSOLUTE
    ..\Libraries\STM32F4xx_StdPeriph_Driver\src\stm32f4xx_syscfg.c 0x00000000   Number         0  stm32f4xx_syscfg.o ABSOLUTE
    ..\ParTest.c                             0x00000000   Number         0  partest.o ABSOLUTE
    ..\RegTest.s                             0x00000000   Number         0  regtest.o ABSOLUTE
    ..\STM32F4-Discovery\stm32f4_discovery.c 0x00000000   Number         0  stm32f4_discovery.o ABSOLUTE
    ..\\FreeRTOS\\portable\\RVDS\\ARM_CM4F\\port.c 0x00000000   Number         0  port.o ABSOLUTE
    ..\\Libraries\\STM32F4xx_StdPeriph_Driver\\src\\misc.c 0x00000000   Number         0  misc.o ABSOLUTE
    ..\\Libraries\\STM32F4xx_StdPeriph_Driver\\src\\stm32f4xx_exti.c 0x00000000   Number         0  stm32f4xx_exti.o ABSOLUTE
    ..\\Libraries\\STM32F4xx_StdPeriph_Driver\\src\\stm32f4xx_gpio.c 0x00000000   Number         0  stm32f4xx_gpio.o ABSOLUTE
    ..\\Libraries\\STM32F4xx_StdPeriph_Driver\\src\\stm32f4xx_rcc.c 0x00000000   Number         0  stm32f4xx_rcc.o ABSOLUTE
    ..\\Libraries\\STM32F4xx_StdPeriph_Driver\\src\\stm32f4xx_syscfg.c 0x00000000   Number         0  stm32f4xx_syscfg.o ABSOLUTE
    ..\\ParTest.c                            0x00000000   Number         0  partest.o ABSOLUTE
    ..\\STM32F4-Discovery\\stm32f4_discovery.c 0x00000000   Number         0  stm32f4_discovery.o ABSOLUTE
    ..\\main.c                               0x00000000   Number         0  main.o ABSOLUTE
    ..\\stm32f4xx_it.c                       0x00000000   Number         0  stm32f4xx_it.o ABSOLUTE
    ..\demo-includes\Minimal\BlockQ.c        0x00000000   Number         0  blockq.o ABSOLUTE
    ..\demo-includes\Minimal\GenQTest.c      0x00000000   Number         0  genqtest.o ABSOLUTE
    ..\demo-includes\Minimal\PollQ.c         0x00000000   Number         0  pollq.o ABSOLUTE
    ..\demo-includes\Minimal\blocktim.c      0x00000000   Number         0  blocktim.o ABSOLUTE
    ..\demo-includes\Minimal\countsem.c      0x00000000   Number         0  countsem.o ABSOLUTE
    ..\demo-includes\Minimal\death.c         0x00000000   Number         0  death.o ABSOLUTE
    ..\demo-includes\Minimal\dynamic.c       0x00000000   Number         0  dynamic.o ABSOLUTE
    ..\demo-includes\Minimal\flash.c         0x00000000   Number         0  flash.o ABSOLUTE
    ..\demo-includes\Minimal\flop.c          0x00000000   Number         0  flop.o ABSOLUTE
    ..\demo-includes\Minimal\integer.c       0x00000000   Number         0  integer.o ABSOLUTE
    ..\demo-includes\Minimal\recmutex.c      0x00000000   Number         0  recmutex.o ABSOLUTE
    ..\demo-includes\Minimal\semtest.c       0x00000000   Number         0  semtest.o ABSOLUTE
    ..\main.c                                0x00000000   Number         0  main.o ABSOLUTE
    ..\stm32f4xx_it.c                        0x00000000   Number         0  stm32f4xx_it.o ABSOLUTE
    DebugOut.c                               0x00000000   Number         0  debugout.o ABSOLUTE
    DebugOut.c                               0x00000000   Number         0  debugout.o ABSOLUTE
    RTE\Device\STM32F407VG\startup_stm32f40xx.s 0x00000000   Number         0  startup_stm32f40xx.o ABSOLUTE
    RTE\Device\STM32F407VG\system_stm32f4xx.c 0x00000000   Number         0  system_stm32f4xx.o ABSOLUTE
    RTE\\Device\\STM32F407VG\\system_stm32f4xx.c 0x00000000   Number         0  system_stm32f4xx.o ABSOLUTE
    cdrcmple.s                               0x00000000   Number         0  cdrcmple.o ABSOLUTE
    dc.s                                     0x00000000   Number         0  dc.o ABSOLUTE
    handlers.s                               0x00000000   Number         0  handlers.o ABSOLUTE
    init.s                                   0x00000000   Number         0  init.o ABSOLUTE
    RESET                                    0x08000000   Section      392  startup_stm32f40xx.o(RESET)
    .ARM.Collect$$$$00000000                 0x08000188   Section        0  entry.o(.ARM.Collect$$$$00000000)
    .ARM.Collect$$$$00000001                 0x08000188   Section        4  entry2.o(.ARM.Collect$$$$00000001)
    .ARM.Collect$$$$00000004                 0x0800018c   Section        4  entry5.o(.ARM.Collect$$$$00000004)
    .ARM.Collect$$$$00000008                 0x08000190   Section        0  entry7b.o(.ARM.Collect$$$$00000008)
    .ARM.Collect$$$$0000000A                 0x08000190   Section        0  entry8b.o(.ARM.Collect$$$$0000000A)
    .ARM.Collect$$$$0000000B                 0x08000190   Section        8  entry9a.o(.ARM.Collect$$$$0000000B)
    .ARM.Collect$$$$0000000D                 0x08000198   Section        0  entry10a.o(.ARM.Collect$$$$0000000D)
    .ARM.Collect$$$$0000000F                 0x08000198   Section        0  entry11a.o(.ARM.Collect$$$$0000000F)
    .ARM.Collect$$$$00002712                 0x08000198   Section        4  entry2.o(.ARM.Collect$$$$00002712)
    __lit__00000000                          0x08000198   Data           4  entry2.o(.ARM.Collect$$$$00002712)
    .emb_text                                0x0800019c   Section      194  port.o(.emb_text)
    $v0                                      0x0800019c   Number         0  port.o(.emb_text)
    .text                                    0x08000260   Section        0  main.o(.text)
    prvSetupHardware                         0x080003cf   Thumb Code    20  main.o(.text)
    prvCheckTimerCallback                    0x080004cf   Thumb Code   188  main.o(.text)
    prvButtonTestTask                        0x0800058b   Thumb Code    56  main.o(.text)
    prvSetupNestedFPUInterruptsTest          0x08000879   Thumb Code    64  main.o(.text)
    prvOptionallyCreateComprehensveTestApplication 0x0800091f   Thumb Code   212  main.o(.text)
    NVIC_SetPendingIRQ                       0x08000a2d   Thumb Code    18  main.o(.text)
    .text                                    0x08000a88   Section        0  partest.o(.text)
    .text                                    0x08000ae4   Section        0  stm32f4xx_it.o(.text)
    .text                                    0x08000af8   Section        0  death.o(.text)
    vSuicidalTask                            0x08000af9   Thumb Code    62  death.o(.text)
    vCreateTasks                             0x08000b37   Thumb Code    86  death.o(.text)
    .text                                    0x08000c48   Section        0  integer.o(.text)
    vCompeteingIntMathTask                   0x08000c49   Thumb Code    72  integer.o(.text)
    .text                                    0x08000cf0   Section        0  semtest.o(.text)
    prvSemaphoreTest                         0x08000cf1   Thumb Code   178  semtest.o(.text)
    .text                                    0x08000f08   Section      980  regtest.o(.text)
    $v0                                      0x08000f08   Number         0  regtest.o(.text)
    .text                                    0x080012dc   Section        0  recmutex.o(.text)
    prvRecursiveMutexPollingTask             0x080012dd   Thumb Code   158  recmutex.o(.text)
    prvRecursiveMutexBlockingTask            0x0800137b   Thumb Code   110  recmutex.o(.text)
    prvRecursiveMutexControllingTask         0x080013e9   Thumb Code   134  recmutex.o(.text)
    .text                                    0x080015a0   Section        0  pollq.o(.text)
    vPolledQueueProducer                     0x080015a1   Thumb Code    80  pollq.o(.text)
    vPolledQueueConsumer                     0x080015f1   Thumb Code    86  pollq.o(.text)
    .text                                    0x080016e4   Section        0  genqtest.o(.text)
    prvHighPriorityMutexTask                 0x080016e5   Thumb Code    58  genqtest.o(.text)
    prvMediumPriorityMutexTask               0x0800171f   Thumb Code    20  genqtest.o(.text)
    prvLowPriorityMutexTask                  0x08001733   Thumb Code   186  genqtest.o(.text)
    prvSendFrontAndBackTest                  0x080017ed   Thumb Code   656  genqtest.o(.text)
    .text                                    0x08001bc8   Section        0  flop.o(.text)
    vCompetingMathTask4                      0x08001bc9   Thumb Code   298  flop.o(.text)
    vCompetingMathTask3                      0x08001cf3   Thumb Code   298  flop.o(.text)
    vCompetingMathTask2                      0x08001e1d   Thumb Code   248  flop.o(.text)
    vCompetingMathTask1                      0x08001f15   Thumb Code   330  flop.o(.text)
    .text                                    0x0800211c   Section        0  dynamic.o(.text)
    vQueueReceiveWhenSuspendedTask           0x0800211d   Thumb Code    86  dynamic.o(.text)
    vQueueSendWhenSuspendedTask              0x08002173   Thumb Code    52  dynamic.o(.text)
    vCounterControlTask                      0x080021a7   Thumb Code   128  dynamic.o(.text)
    vLimitedIncrementTask                    0x08002227   Thumb Code    32  dynamic.o(.text)
    vContinuousIncrementTask                 0x08002247   Thumb Code    92  dynamic.o(.text)
    .text                                    0x080023f8   Section        0  countsem.o(.text)
    prvDecrementSemaphoreCount               0x080023f9   Thumb Code    86  countsem.o(.text)
    prvIncrementSemaphoreCount               0x0800244f   Thumb Code    86  countsem.o(.text)
    prvCountingSemaphoreTask                 0x080024a5   Thumb Code    64  countsem.o(.text)
    .text                                    0x080025e0   Section        0  blocktim.o(.text)
    vSecondaryBlockTimeTestTask              0x080025e1   Thumb Code   164  blocktim.o(.text)
    vPrimaryBlockTimeTestTask                0x08002685   Thumb Code   618  blocktim.o(.text)
    .text                                    0x080029c4   Section        0  blockq.o(.text)
    vBlockingQueueConsumer                   0x080029c5   Thumb Code    64  blockq.o(.text)
    vBlockingQueueProducer                   0x08002a05   Thumb Code    60  blockq.o(.text)
    .text                                    0x08002c24   Section        0  debugout.o(.text)
    .text                                    0x08002c5c   Section        0  stm32f4_discovery.o(.text)
    .text                                    0x08002da0   Section        0  list.o(.text)
    .text                                    0x08002e34   Section        0  queue.o(.text)
    prvUnlockQueue                           0x08002f09   Thumb Code   126  queue.o(.text)
    prvIsQueueFull                           0x08002f87   Thumb Code    30  queue.o(.text)
    prvCopyDataToQueue                       0x08002fa5   Thumb Code   254  queue.o(.text)
    prvIsQueueEmpty                          0x08003345   Thumb Code    26  queue.o(.text)
    prvCopyDataFromQueue                     0x0800335f   Thumb Code    86  queue.o(.text)
    .text                                    0x08003a84   Section        0  tasks.o(.text)
    prvInitialiseTaskLists                   0x08003a85   Thumb Code    70  tasks.o(.text)
    prvInitialiseTCBVariables                0x08003acb   Thumb Code    86  tasks.o(.text)
    prvAllocateTCBAndStack                   0x08003b21   Thumb Code    58  tasks.o(.text)
    prvResetNextTaskUnblockTime              0x08003c79   Thumb Code    42  tasks.o(.text)
    prvAddCurrentTaskToDelayedList           0x08003f33   Thumb Code    62  tasks.o(.text)
    prvTaskIsTaskSuspended                   0x080042a1   Thumb Code   130  tasks.o(.text)
    prvDeleteTCB                             0x08004405   Thumb Code    18  tasks.o(.text)
    prvCheckTasksWaitingTermination          0x08004417   Thumb Code    86  tasks.o(.text)
    prvIdleTask                              0x0800446d   Thumb Code    24  tasks.o(.text)
    prvTaskCheckFreeStackSpace               0x08004513   Thumb Code    22  tasks.o(.text)
    prvListTaskWithinSingleList              0x08004529   Thumb Code   176  tasks.o(.text)
    .text                                    0x08004acc   Section        0  timers.o(.text)
    prvInsertTimerInActiveList               0x08004acd   Thumb Code    80  timers.o(.text)
    prvSwitchTimerLists                      0x08004b83   Thumb Code   136  timers.o(.text)
    prvSampleTimeNow                         0x08004c0b   Thumb Code    40  timers.o(.text)
    prvProcessReceivedCommands               0x08004c33   Thumb Code   216  timers.o(.text)
    prvProcessExpiredTimer                   0x08004d0b   Thumb Code    82  timers.o(.text)
    prvProcessTimerOrBlockTask               0x08004d5d   Thumb Code    70  timers.o(.text)
    prvGetNextExpireTime                     0x08004da3   Thumb Code    36  timers.o(.text)
    prvTimerTask                             0x08004dc7   Thumb Code    26  timers.o(.text)
    prvCheckForValidListAndQueue             0x08004de1   Thumb Code    86  timers.o(.text)
    .text                                    0x08004f18   Section        0  heap_2.o(.text)
    prvHeapInit                              0x08004f19   Thumb Code    38  heap_2.o(.text)
    .text                                    0x08005044   Section        0  port.o(.text)
    prvTaskExitError                         0x08005045   Thumb Code    32  port.o(.text)
    .text                                    0x08005240   Section        0  misc.o(.text)
    .text                                    0x08005324   Section        0  stm32f4xx_exti.o(.text)
    .text                                    0x08005440   Section        0  stm32f4xx_gpio.o(.text)
    .text                                    0x0800569c   Section        0  stm32f4xx_rcc.o(.text)
    .text                                    0x08005c24   Section        0  stm32f4xx_syscfg.o(.text)
    .text                                    0x08005cb0   Section       36  startup_stm32f40xx.o(.text)
    $v0                                      0x08005cb0   Number         0  startup_stm32f40xx.o(.text)
    .text                                    0x08005cd4   Section        0  system_stm32f4xx.o(.text)
    SetSysClock                              0x08005cd5   Thumb Code   216  system_stm32f4xx.o(.text)
    .text                                    0x08005ee0   Section        0  memcpya.o(.text)
    .text                                    0x08005f04   Section        0  memseta.o(.text)
    .text                                    0x08005f28   Section        0  memcmp.o(.text)
    .text                                    0x08005f42   Section        0  dadd.o(.text)
    .text                                    0x08006090   Section        0  dmul.o(.text)
    .text                                    0x08006174   Section        0  ddiv.o(.text)
    .text                                    0x08006252   Section        0  dfltui.o(.text)
    .text                                    0x0800626c   Section       40  cdrcmple.o(.text)
    .text                                    0x08006294   Section        0  llshl.o(.text)
    .text                                    0x080062b2   Section        0  llsshr.o(.text)
    .text                                    0x080062d6   Section        0  depilogue.o(.text)
    .text                                    0x080062d6   Section        0  iusefp.o(.text)
    .text                                    0x08006394   Section       36  init.o(.text)
    .text                                    0x080063b8   Section        0  llushr.o(.text)
    .text                                    0x080063d8   Section        0  __dczerorl2.o(.text)
    i.__0printf$2                            0x08006434   Section        0  printf2.o(i.__0printf$2)
    i.__hardfp_fabs                          0x08006454   Section        0  fabs.o(i.__hardfp_fabs)
    i.__scatterload_copy                     0x08006468   Section       14  handlers.o(i.__scatterload_copy)
    i.__scatterload_null                     0x08006476   Section        2  handlers.o(i.__scatterload_null)
    i.__scatterload_zeroinit                 0x08006478   Section       14  handlers.o(i.__scatterload_zeroinit)
    i._printf_core                           0x08006486   Section        0  printf2.o(i._printf_core)
    _printf_core                             0x08006487   Thumb Code   208  printf2.o(i._printf_core)
    .constdata                               0x08006556   Section        4  partest.o(.constdata)
    xLEDs                                    0x08006556   Data           4  partest.o(.constdata)
    .constdata                               0x0800655c   Section       37  stm32f4_discovery.o(.constdata)
    .constdata                               0x08006584   Section       75  queue.o(.constdata)
    .constdata                               0x080065cf   Section       20  tasks.o(.constdata)
    ucExpectedStackBytes                     0x080065cf   Data          20  tasks.o(.constdata)
    .data                                    0x20000000   Section       56  main.o(.data)
    xTestSemaphore                           0x20000010   Data           4  main.o(.data)
    lChangedTimerPeriodAlready               0x2000002c   Data           4  main.o(.data)
    ulLastRegTest1Value                      0x20000030   Data           4  main.o(.data)
    ulLastRegTest2Value                      0x20000034   Data           4  main.o(.data)
    .data                                    0x20000038   Section       20  death.o(.data)
    usCreationCount                          0x20000038   Data           2  death.o(.data)
    uxTasksRunningAtStart                    0x2000003c   Data           4  death.o(.data)
    usLastCreationCount                      0x20000040   Data           2  death.o(.data)
    uxTasksRunningNow                        0x20000044   Data           4  death.o(.data)
    .data                                    0x2000004c   Section        4  integer.o(.data)
    xTaskCheck                               0x2000004c   Data           4  integer.o(.data)
    .data                                    0x20000050   Section       18  semtest.o(.data)
    sCheckVariables                          0x20000050   Data           8  semtest.o(.data)
    sNextCheckVariable                       0x20000058   Data           2  semtest.o(.data)
    sLastCheckVariables                      0x2000005a   Data           8  semtest.o(.data)
    .data                                    0x20000064   Section       48  recmutex.o(.data)
    xErrorOccurred                           0x20000064   Data           4  recmutex.o(.data)
    xControllingIsSuspended                  0x20000068   Data           4  recmutex.o(.data)
    xBlockingIsSuspended                     0x2000006c   Data           4  recmutex.o(.data)
    uxControllingCycles                      0x20000070   Data           4  recmutex.o(.data)
    uxBlockingCycles                         0x20000074   Data           4  recmutex.o(.data)
    uxPollingCycles                          0x20000078   Data           4  recmutex.o(.data)
    uxLastControllingCycles                  0x2000007c   Data           4  recmutex.o(.data)
    uxLastBlockingCycles                     0x20000080   Data           4  recmutex.o(.data)
    uxLastPollingCycles                      0x20000084   Data           4  recmutex.o(.data)
    xMutex                                   0x20000088   Data           4  recmutex.o(.data)
    xControllingTaskHandle                   0x2000008c   Data           4  recmutex.o(.data)
    xBlockingTaskHandle                      0x20000090   Data           4  recmutex.o(.data)
    .data                                    0x20000094   Section       12  pollq.o(.data)
    xPollingConsumerCount                    0x20000094   Data           4  pollq.o(.data)
    xPollingProducerCount                    0x20000098   Data           4  pollq.o(.data)
    xPolledQueue                             0x2000009c   Data           4  pollq.o(.data)
    .data                                    0x200000a0   Section       32  genqtest.o(.data)
    xErrorDetected                           0x200000a0   Data           4  genqtest.o(.data)
    ulLoopCounter                            0x200000a4   Data           4  genqtest.o(.data)
    ulLoopCounter2                           0x200000a8   Data           4  genqtest.o(.data)
    ulGuardedVariable                        0x200000ac   Data           4  genqtest.o(.data)
    ulLastLoopCounter                        0x200000b0   Data           4  genqtest.o(.data)
    ulLastLoopCounter2                       0x200000b4   Data           4  genqtest.o(.data)
    xHighPriorityMutexTask                   0x200000b8   Data           4  genqtest.o(.data)
    xMediumPriorityMutexTask                 0x200000bc   Data           4  genqtest.o(.data)
    .data                                    0x200000c0   Section        8  flop.o(.data)
    usTaskCheck                              0x200000c0   Data           8  flop.o(.data)
    .data                                    0x200000c8   Section       44  dynamic.o(.data)
    usCheckVariable                          0x200000c8   Data           2  dynamic.o(.data)
    xSuspendedQueueSendError                 0x200000cc   Data           4  dynamic.o(.data)
    xSuspendedQueueReceiveError              0x200000d0   Data           4  dynamic.o(.data)
    ulExpectedValue                          0x200000d4   Data           4  dynamic.o(.data)
    ulValueToSend                            0x200000d8   Data           4  dynamic.o(.data)
    usLastTaskCheck                          0x200000dc   Data           2  dynamic.o(.data)
    ulLastExpectedValue                      0x200000e0   Data           4  dynamic.o(.data)
    xContinuousIncrementHandle               0x200000e4   Data           4  dynamic.o(.data)
    xLimitedIncrementHandle                  0x200000e8   Data           4  dynamic.o(.data)
    ulCounter                                0x200000ec   Data           4  dynamic.o(.data)
    .data                                    0x200000f4   Section       12  countsem.o(.data)
    xErrorDetected                           0x200000f4   Data           4  countsem.o(.data)
    uxLastCount0                             0x200000f8   Data           4  countsem.o(.data)
    uxLastCount1                             0x200000fc   Data           4  countsem.o(.data)
    .data                                    0x20000100   Section       32  blocktim.o(.data)
    xPrimaryCycles                           0x20000100   Data           4  blocktim.o(.data)
    xSecondaryCycles                         0x20000104   Data           4  blocktim.o(.data)
    xErrorOccurred                           0x20000108   Data           4  blocktim.o(.data)
    xLastPrimaryCycleCount                   0x2000010c   Data           4  blocktim.o(.data)
    xLastSecondaryCycleCount                 0x20000110   Data           4  blocktim.o(.data)
    xTestQueue                               0x20000114   Data           4  blocktim.o(.data)
    xSecondary                               0x20000118   Data           4  blocktim.o(.data)
    xRunIndicator                            0x2000011c   Data           4  blocktim.o(.data)
    .data                                    0x20000120   Section       24  blockq.o(.data)
    sBlockingConsumerCount                   0x20000120   Data           6  blockq.o(.data)
    sBlockingProducerCount                   0x20000126   Data           6  blockq.o(.data)
    sLastBlockingConsumerCount               0x2000012c   Data           6  blockq.o(.data)
    sLastBlockingProducerCount               0x20000132   Data           6  blockq.o(.data)
    .data                                    0x20000138   Section       24  stm32f4_discovery.o(.data)
    .data                                    0x20000150   Section        4  queue.o(.data)
    .data                                    0x20000154   Section       56  tasks.o(.data)
    uxTasksDeleted                           0x20000158   Data           4  tasks.o(.data)
    uxCurrentNumberOfTasks                   0x2000015c   Data           4  tasks.o(.data)
    xTickCount                               0x20000160   Data           4  tasks.o(.data)
    uxTopReadyPriority                       0x20000164   Data           4  tasks.o(.data)
    xSchedulerRunning                        0x20000168   Data           4  tasks.o(.data)
    uxPendedTicks                            0x2000016c   Data           4  tasks.o(.data)
    xYieldPending                            0x20000170   Data           4  tasks.o(.data)
    xNumOfOverflows                          0x20000174   Data           4  tasks.o(.data)
    uxTaskNumber                             0x20000178   Data           4  tasks.o(.data)
    xNextTaskUnblockTime                     0x2000017c   Data           4  tasks.o(.data)
    uxSchedulerSuspended                     0x20000180   Data           4  tasks.o(.data)
    pxDelayedTaskList                        0x20000184   Data           4  tasks.o(.data)
    pxOverflowDelayedTaskList                0x20000188   Data           4  tasks.o(.data)
    .data                                    0x2000018c   Section       16  timers.o(.data)
    xTimerQueue                              0x2000018c   Data           4  timers.o(.data)
    xLastTime                                0x20000190   Data           4  timers.o(.data)
    pxCurrentTimerList                       0x20000194   Data           4  timers.o(.data)
    pxOverflowTimerList                      0x20000198   Data           4  timers.o(.data)
    .data                                    0x2000019c   Section       24  heap_2.o(.data)
    xFreeBytesRemaining                      0x2000019c   Data           4  heap_2.o(.data)
    xHeapHasBeenInitialised                  0x200001a0   Data           4  heap_2.o(.data)
    xStart                                   0x200001a4   Data           8  heap_2.o(.data)
    xEnd                                     0x200001ac   Data           8  heap_2.o(.data)
    .data                                    0x200001b4   Section       12  port.o(.data)
    uxCriticalNesting                        0x200001b4   Data           4  port.o(.data)
    ucMaxSysCallPriority                     0x200001b8   Data           1  port.o(.data)
    ulMaxPRIGROUPValue                       0x200001bc   Data           4  port.o(.data)
    .data                                    0x200001c0   Section       16  stm32f4xx_rcc.o(.data)
    APBAHBPrescTable                         0x200001c0   Data          16  stm32f4xx_rcc.o(.data)
    .data                                    0x200001d0   Section       20  system_stm32f4xx.o(.data)
    .data                                    0x200001e4   Section        4  stdout.o(.data)
    .bss                                     0x200001e8   Section       24  countsem.o(.bss)
    xParameters                              0x200001e8   Data          24  countsem.o(.bss)
    .bss                                     0x20000200   Section       84  queue.o(.bss)
    .bss                                     0x20000254   Section      200  tasks.o(.bss)
    pxReadyTasksLists                        0x20000254   Data         100  tasks.o(.bss)
    xDelayedTaskList1                        0x200002b8   Data          20  tasks.o(.bss)
    xDelayedTaskList2                        0x200002cc   Data          20  tasks.o(.bss)
    xPendingReadyList                        0x200002e0   Data          20  tasks.o(.bss)
    xTasksWaitingTermination                 0x200002f4   Data          20  tasks.o(.bss)
    xSuspendedTaskList                       0x20000308   Data          20  tasks.o(.bss)
    .bss                                     0x2000031c   Section       40  timers.o(.bss)
    xActiveTimerList1                        0x2000031c   Data          20  timers.o(.bss)
    xActiveTimerList2                        0x20000330   Data          20  timers.o(.bss)
    .bss                                     0x20000344   Section    76800  heap_2.o(.bss)
    ucHeap                                   0x20000344   Data       76800  heap_2.o(.bss)
    STACK                                    0x20012f48   Section     1024  startup_stm32f40xx.o(STACK)

    Global Symbols

    Symbol Name                              Value     Ov Type        Size  Object(Section)

    BuildAttributes$$THM_ISAv4$E$P$D$K$B$S$7EM$VFPi3$EXTD16$VFPS$VFMA$PE$A:L22UL41UL21$X:L11$S22US41US21$IEEE1$IW$USESV6$~STKCKD$USESV7$~SHL$OTIME$ROPI$IEEEJ$EBA8$MICROLIB$REQ8$PRES8$EABIv2 0x00000000   Number         0  anon$$obj.o ABSOLUTE
    __ARM_use_no_argv                        0x00000000   Number         0  main.o ABSOLUTE
    _printf_a                                0x00000000   Number         0  stubs.o ABSOLUTE
    _printf_c                                0x00000000   Number         0  stubs.o ABSOLUTE
    _printf_charcount                        0x00000000   Number         0  stubs.o ABSOLUTE
    _printf_d                                0x00000000   Number         0  stubs.o ABSOLUTE
    _printf_e                                0x00000000   Number         0  stubs.o ABSOLUTE
    _printf_f                                0x00000000   Number         0  stubs.o ABSOLUTE
    _printf_flags                            0x00000000   Number         0  stubs.o ABSOLUTE
    _printf_fp_dec                           0x00000000   Number         0  stubs.o ABSOLUTE
    _printf_fp_hex                           0x00000000   Number         0  stubs.o ABSOLUTE
    _printf_g                                0x00000000   Number         0  stubs.o ABSOLUTE
    _printf_i                                0x00000000   Number         0  stubs.o ABSOLUTE
    _printf_int_dec                          0x00000000   Number         0  stubs.o ABSOLUTE
    _printf_l                                0x00000000   Number         0  stubs.o ABSOLUTE
    _printf_lc                               0x00000000   Number         0  stubs.o ABSOLUTE
    _printf_ll                               0x00000000   Number         0  stubs.o ABSOLUTE
    _printf_lld                              0x00000000   Number         0  stubs.o ABSOLUTE
    _printf_lli                              0x00000000   Number         0  stubs.o ABSOLUTE
    _printf_llo                              0x00000000   Number         0  stubs.o ABSOLUTE
    _printf_llu                              0x00000000   Number         0  stubs.o ABSOLUTE
    _printf_llx                              0x00000000   Number         0  stubs.o ABSOLUTE
    _printf_longlong_dec                     0x00000000   Number         0  stubs.o ABSOLUTE
    _printf_longlong_hex                     0x00000000   Number         0  stubs.o ABSOLUTE
    _printf_longlong_oct                     0x00000000   Number         0  stubs.o ABSOLUTE
    _printf_ls                               0x00000000   Number         0  stubs.o ABSOLUTE
    _printf_mbtowc                           0x00000000   Number         0  stubs.o ABSOLUTE
    _printf_n                                0x00000000   Number         0  stubs.o ABSOLUTE
    _printf_o                                0x00000000   Number         0  stubs.o ABSOLUTE
    _printf_p                                0x00000000   Number         0  stubs.o ABSOLUTE
    _printf_percent                          0x00000000   Number         0  stubs.o ABSOLUTE
    _printf_pre_padding                      0x00000000   Number         0  stubs.o ABSOLUTE
    _printf_return_value                     0x00000000   Number         0  stubs.o ABSOLUTE
    _printf_s                                0x00000000   Number         0  stubs.o ABSOLUTE
    _printf_sizespec                         0x00000000   Number         0  stubs.o ABSOLUTE
    _printf_str                              0x00000000   Number         0  stubs.o ABSOLUTE
    _printf_truncate_signed                  0x00000000   Number         0  stubs.o ABSOLUTE
    _printf_truncate_unsigned                0x00000000   Number         0  stubs.o ABSOLUTE
    _printf_u                                0x00000000   Number         0  stubs.o ABSOLUTE
    _printf_wc                               0x00000000   Number         0  stubs.o ABSOLUTE
    _printf_wctomb                           0x00000000   Number         0  stubs.o ABSOLUTE
    _printf_widthprec                        0x00000000   Number         0  stubs.o ABSOLUTE
    _printf_x                                0x00000000   Number         0  stubs.o ABSOLUTE
    __cpp_initialize__aeabi_                  - Undefined Weak Reference
    __cxa_finalize                            - Undefined Weak Reference
    _clock_init                               - Undefined Weak Reference
    _microlib_exit                            - Undefined Weak Reference
    __Vectors_Size                           0x00000188   Number         0  startup_stm32f40xx.o ABSOLUTE
    __Vectors                                0x08000000   Data           4  startup_stm32f40xx.o(RESET)
    __Vectors_End                            0x08000188   Data           0  startup_stm32f40xx.o(RESET)
    __main                                   0x08000189   Thumb Code     0  entry.o(.ARM.Collect$$$$00000000)
    _main_stk                                0x08000189   Thumb Code     0  entry2.o(.ARM.Collect$$$$00000001)
    _main_scatterload                        0x0800018d   Thumb Code     0  entry5.o(.ARM.Collect$$$$00000004)
    __main_after_scatterload                 0x08000191   Thumb Code     0  entry5.o(.ARM.Collect$$$$00000004)
    _main_clock                              0x08000191   Thumb Code     0  entry7b.o(.ARM.Collect$$$$00000008)
    _main_cpp_init                           0x08000191   Thumb Code     0  entry8b.o(.ARM.Collect$$$$0000000A)
    _main_init                               0x08000191   Thumb Code     0  entry9a.o(.ARM.Collect$$$$0000000B)
    __rt_final_cpp                           0x08000199   Thumb Code     0  entry10a.o(.ARM.Collect$$$$0000000D)
    __rt_final_exit                          0x08000199   Thumb Code     0  entry11a.o(.ARM.Collect$$$$0000000F)
    SVC_Handler                              0x0800019d   Thumb Code    28  port.o(.emb_text)
    __asm___6_port_c_39a90d8d__prvStartFirstTask 0x080001bd   Thumb Code    24  port.o(.emb_text)
    __asm___6_port_c_39a90d8d__prvEnableVFP  0x080001d9   Thumb Code    16  port.o(.emb_text)
    PendSV_Handler                           0x080001ed   Thumb Code    82  port.o(.emb_text)
    ulPortSetInterruptMask                   0x08000245   Thumb Code    14  port.o(.emb_text)
    vPortClearInterruptMask                  0x08000253   Thumb Code     6  port.o(.emb_text)
    vPortGetIPSR                             0x08000259   Thumb Code     6  port.o(.emb_text)
    vHighTask                                0x08000261   Thumb Code   130  main.o(.text)
    vMedTask                                 0x080002e3   Thumb Code    80  main.o(.text)
    vLowTask                                 0x08000333   Thumb Code   156  main.o(.text)
    main                                     0x080003e3   Thumb Code   234  main.o(.text)
    loops                                    0x080004cd   Thumb Code     2  main.o(.text)
    vApplicationTickHook                     0x080005c3   Thumb Code   694  main.o(.text)
    TIM3_IRQHandler                          0x080008b9   Thumb Code    50  main.o(.text)
    TIM2_IRQHandler                          0x080008eb   Thumb Code    52  main.o(.text)
    EXTI0_IRQHandler                         0x080009f3   Thumb Code    40  main.o(.text)
    vApplicationMallocFailedHook             0x08000a1b   Thumb Code     8  main.o(.text)
    vApplicationIdleHook                     0x08000a23   Thumb Code     2  main.o(.text)
    vApplicationStackOverflowHook            0x08000a25   Thumb Code     8  main.o(.text)
    vParTestInitialise                       0x08000a89   Thumb Code    28  partest.o(.text)
    vParTestSetLED                           0x08000aa5   Thumb Code    34  partest.o(.text)
    vParTestToggleLED                        0x08000ac7   Thumb Code    26  partest.o(.text)
    NMI_Handler                              0x08000ae5   Thumb Code     2  stm32f4xx_it.o(.text)
    HardFault_Handler                        0x08000ae7   Thumb Code     4  stm32f4xx_it.o(.text)
    MemManage_Handler                        0x08000aeb   Thumb Code     4  stm32f4xx_it.o(.text)
    BusFault_Handler                         0x08000aef   Thumb Code     4  stm32f4xx_it.o(.text)
    UsageFault_Handler                       0x08000af3   Thumb Code     4  stm32f4xx_it.o(.text)
    DebugMon_Handler                         0x08000af7   Thumb Code     2  stm32f4xx_it.o(.text)
    vCreateSuicidalTasks                     0x08000b8d   Thumb Code    62  death.o(.text)
    xIsCreateTaskStillRunning                0x08000bcb   Thumb Code    72  death.o(.text)
    vStartIntegerMathTasks                   0x08000c91   Thumb Code    44  integer.o(.text)
    xAreIntegerMathsTaskStillRunning         0x08000cbd   Thumb Code    34  integer.o(.text)
    vStartSemaphoreTasks                     0x08000da3   Thumb Code   232  semtest.o(.text)
    xAreSemaphoreTasksStillRunning           0x08000e8b   Thumb Code    44  semtest.o(.text)
    vRegTest1Task                            0x08000f09   Thumb Code   394  regtest.o(.text)
    vRegTest2Task                            0x08001093   Thumb Code   402  regtest.o(.text)
    vRegTestClearFlopRegistersToParameterValue 0x08001225   Thumb Code    34  regtest.o(.text)
    ulRegTestCheckFlopRegistersContainParameterValue 0x08001247   Thumb Code   140  regtest.o(.text)
    vStartRecursiveMutexTasks                0x0800146f   Thumb Code   106  recmutex.o(.text)
    xAreRecursiveMutexTasksStillRunning      0x080014d9   Thumb Code   100  recmutex.o(.text)
    vStartPolledQueueTasks                   0x08001647   Thumb Code    74  pollq.o(.text)
    xArePollingQueuesStillRunning            0x08001691   Thumb Code    30  pollq.o(.text)
    vStartGenericQueueTasks                  0x08001a7d   Thumb Code   232  genqtest.o(.text)
    xAreGenericQueueTasksStillRunning        0x08001b65   Thumb Code    66  genqtest.o(.text)
    vStartMathTasks                          0x0800205f   Thumb Code   100  flop.o(.text)
    xAreMathsTaskStillRunning                0x080020c3   Thumb Code    36  flop.o(.text)
    vStartDynamicPriorityTasks               0x080022a3   Thumb Code   144  dynamic.o(.text)
    xAreDynamicPriorityTasksStillRunning     0x08002333   Thumb Code    68  dynamic.o(.text)
    vStartCountingSemaphoreTasks             0x080024e5   Thumb Code   122  countsem.o(.text)
    xAreCountingSemaphoreTasksStillRunning   0x0800255f   Thumb Code    60  countsem.o(.text)
    vCreateBlockTimeTasks                    0x080028ef   Thumb Code    78  blocktim.o(.text)
    xAreBlockTimeTestTasksStillRunning       0x0800293d   Thumb Code    58  blocktim.o(.text)
    vStartBlockingQueueTasks                 0x08002a41   Thumb Code   336  blockq.o(.text)
    xAreBlockingQueuesStillRunning           0x08002b91   Thumb Code    74  blockq.o(.text)
    fputc                                    0x08002c25   Thumb Code    50  debugout.o(.text)
    STM_EVAL_LEDInit                         0x08002c5d   Thumb Code    62  stm32f4_discovery.o(.text)
    STM_EVAL_LEDOn                           0x08002c9b   Thumb Code    16  stm32f4_discovery.o(.text)
    STM_EVAL_LEDOff                          0x08002cab   Thumb Code    16  stm32f4_discovery.o(.text)
    STM_EVAL_LEDToggle                       0x08002cbb   Thumb Code    26  stm32f4_discovery.o(.text)
    STM_EVAL_PBInit                          0x08002cd5   Thumb Code   140  stm32f4_discovery.o(.text)
    STM_EVAL_PBGetState                      0x08002d61   Thumb Code    22  stm32f4_discovery.o(.text)
    vListInitialise                          0x08002da1   Thumb Code    26  list.o(.text)
    vListInitialiseItem                      0x08002dbb   Thumb Code     6  list.o(.text)
    vListInsertEnd                           0x08002dc1   Thumb Code    24  list.o(.text)
    vListInsert                              0x08002dd9   Thumb Code    52  list.o(.text)
    uxListRemove                             0x08002e0d   Thumb Code    40  list.o(.text)
    xQueueGenericReset                       0x08002e35   Thumb Code   120  queue.o(.text)
    xQueueGenericCreate                      0x08002ead   Thumb Code    92  queue.o(.text)
    xQueueGenericSend                        0x080030a3   Thumb Code   356  queue.o(.text)
    xQueueCreatePCP                          0x08003207   Thumb Code   146  queue.o(.text)
    xQueueCreateMutex                        0x08003299   Thumb Code    86  queue.o(.text)
    xQueueGiveMutexRecursive                 0x080032ef   Thumb Code    58  queue.o(.text)
    PCPsetBlockingPriority                   0x08003329   Thumb Code    28  queue.o(.text)
    PCP_Receive_Helper                       0x080033b5   Thumb Code    44  queue.o(.text)
    xQueueGenericReceive                     0x080033e1   Thumb Code   594  queue.o(.text)
    xQueueTakeMutexRecursive                 0x08003633   Thumb Code    70  queue.o(.text)
    xQueueCreateCountingSemaphore            0x08003679   Thumb Code    74  queue.o(.text)
    xQueueGenericSendFromISR                 0x080036c3   Thumb Code   172  queue.o(.text)
    xQueueReceiveFromISR                     0x0800376f   Thumb Code   366  queue.o(.text)
    xQueuePeekFromISR                        0x080038dd   Thumb Code    90  queue.o(.text)
    uxQueueMessagesWaiting                   0x08003937   Thumb Code    28  queue.o(.text)
    uxQueueSpacesAvailable                   0x08003953   Thumb Code    34  queue.o(.text)
    uxQueueMessagesWaitingFromISR            0x08003975   Thumb Code    20  queue.o(.text)
    vQueueUnregisterQueue                    0x08003989   Thumb Code    38  queue.o(.text)
    vQueueDelete                             0x080039af   Thumb Code    40  queue.o(.text)
    uxQueueGetQueueNumber                    0x080039d7   Thumb Code     6  queue.o(.text)
    vQueueSetQueueNumber                     0x080039dd   Thumb Code     4  queue.o(.text)
    ucQueueGetQueueType                      0x080039e1   Thumb Code     8  queue.o(.text)
    xQueueIsQueueEmptyFromISR                0x080039e9   Thumb Code    28  queue.o(.text)
    xQueueIsQueueFullFromISR                 0x08003a05   Thumb Code    32  queue.o(.text)
    vQueueAddToRegistry                      0x08003a25   Thumb Code    38  queue.o(.text)
    vQueueWaitForMessageRestricted           0x08003a4b   Thumb Code    54  queue.o(.text)
    xTaskGenericCreate                       0x08003b5b   Thumb Code   286  tasks.o(.text)
    vTaskDelete                              0x08003ca3   Thumb Code   118  tasks.o(.text)
    xTaskIncrementTick                       0x08003d19   Thumb Code   258  tasks.o(.text)
    xTaskResumeAll                           0x08003e1b   Thumb Code   280  tasks.o(.text)
    vTaskSuspendAll                          0x08003f71   Thumb Code    12  tasks.o(.text)
    vTaskDelayUntil                          0x08003f7d   Thumb Code   152  tasks.o(.text)
    vTaskDelay                               0x08004015   Thumb Code    70  tasks.o(.text)
    uxTaskPriorityGet                        0x0800405b   Thumb Code    30  tasks.o(.text)
    uxTaskBasePriorityGet                    0x08004079   Thumb Code    30  tasks.o(.text)
    vTaskPrioritySet                         0x08004097   Thumb Code   214  tasks.o(.text)
    vTaskSwitchContext                       0x0800416d   Thumb Code   178  tasks.o(.text)
    vTaskSuspend                             0x0800421f   Thumb Code   130  tasks.o(.text)
    vTaskResume                              0x08004323   Thumb Code   102  tasks.o(.text)
    xTaskResumeFromISR                       0x08004389   Thumb Code   124  tasks.o(.text)
    vTaskStartScheduler                      0x08004485   Thumb Code    74  tasks.o(.text)
    vTaskEndScheduler                        0x080044cf   Thumb Code    18  tasks.o(.text)
    xTaskGetTickCount                        0x080044e1   Thumb Code    18  tasks.o(.text)
    xTaskGetTickCountFromISR                 0x080044f3   Thumb Code    26  tasks.o(.text)
    uxTaskGetNumberOfTasks                   0x0800450d   Thumb Code     6  tasks.o(.text)
    uxTaskGetSystemState                     0x080045d9   Thumb Code   132  tasks.o(.text)
    vTaskPlaceOnEventList                    0x0800465d   Thumb Code    82  tasks.o(.text)
    vTaskPlaceOnUnorderedEventList           0x080046af   Thumb Code   222  tasks.o(.text)
    vTaskPlaceOnEventListRestricted          0x0800478d   Thumb Code    52  tasks.o(.text)
    xTaskRemoveFromEventList                 0x080047c1   Thumb Code   112  tasks.o(.text)
    xTaskRemoveFromUnorderedEventList        0x08004831   Thumb Code   124  tasks.o(.text)
    vTaskSetTimeOutState                     0x080048ad   Thumb Code    28  tasks.o(.text)
    xTaskCheckForTimeOut                     0x080048c9   Thumb Code   108  tasks.o(.text)
    vTaskMissedYield                         0x08004935   Thumb Code     8  tasks.o(.text)
    uxTaskGetTaskNumber                      0x0800493d   Thumb Code    14  tasks.o(.text)
    vTaskSetTaskNumber                       0x0800494b   Thumb Code     8  tasks.o(.text)
    xTaskGetCurrentTaskHandle                0x08004953   Thumb Code     6  tasks.o(.text)
    xTaskGetSchedulerState                   0x08004959   Thumb Code    24  tasks.o(.text)
    vTaskPriorityInherit                     0x08004971   Thumb Code   128  tasks.o(.text)
    vTaskPriorityDisinherit                  0x080049f1   Thumb Code    78  tasks.o(.text)
    vTaskPCPPriorityDisinherit               0x08004a3f   Thumb Code    78  tasks.o(.text)
    uxTaskResetEventItemValue                0x08004a8d   Thumb Code    24  tasks.o(.text)
    xTimerGenericCommand                     0x08004b1d   Thumb Code   102  timers.o(.text)
    xTimerCreateTimerTask                    0x08004e37   Thumb Code    58  timers.o(.text)
    xTimerCreate                             0x08004e71   Thumb Code    80  timers.o(.text)
    xTimerIsTimerActive                      0x08004ec1   Thumb Code    78  timers.o(.text)
    pvTimerGetTimerID                        0x08004f0f   Thumb Code     8  timers.o(.text)
    pvPortMalloc                             0x08004f3f   Thumb Code   174  heap_2.o(.text)
    vPortFree                                0x08004fed   Thumb Code    56  heap_2.o(.text)
    xPortGetFreeHeapSize                     0x08005025   Thumb Code     6  heap_2.o(.text)
    vPortInitialiseBlocks                    0x0800502b   Thumb Code     2  heap_2.o(.text)
    pxPortInitialiseStack                    0x08005065   Thumb Code    34  port.o(.text)
    vPortSetupTimerInterrupt                 0x08005087   Thumb Code    26  port.o(.text)
    xPortStartScheduler                      0x080050a1   Thumb Code   156  port.o(.text)
    vPortEndScheduler                        0x0800513d   Thumb Code    30  port.o(.text)
    vPortYield                               0x0800515b   Thumb Code    20  port.o(.text)
    vPortEnterCritical                       0x0800516f   Thumb Code    26  port.o(.text)
    vPortExitCritical                        0x08005189   Thumb Code    40  port.o(.text)
    SysTick_Handler                          0x080051b1   Thumb Code    30  port.o(.text)
    vPortValidateInterruptPriority           0x080051cf   Thumb Code    82  port.o(.text)
    NVIC_PriorityGroupConfig                 0x08005241   Thumb Code    10  misc.o(.text)
    NVIC_Init                                0x0800524b   Thumb Code   108  misc.o(.text)
    NVIC_SetVectorTable                      0x080052b7   Thumb Code    14  misc.o(.text)
    NVIC_SystemLPConfig                      0x080052c5   Thumb Code    34  misc.o(.text)
    SysTick_CLKSourceConfig                  0x080052e7   Thumb Code    40  misc.o(.text)
    EXTI_DeInit                              0x08005325   Thumb Code    28  stm32f4xx_exti.o(.text)
    EXTI_Init                                0x08005341   Thumb Code   142  stm32f4xx_exti.o(.text)
    EXTI_StructInit                          0x080053cf   Thumb Code    16  stm32f4xx_exti.o(.text)
    EXTI_GenerateSWInterrupt                 0x080053df   Thumb Code    16  stm32f4xx_exti.o(.text)
    EXTI_GetFlagStatus                       0x080053ef   Thumb Code    22  stm32f4xx_exti.o(.text)
    EXTI_ClearFlag                           0x08005405   Thumb Code     8  stm32f4xx_exti.o(.text)
    EXTI_GetITStatus                         0x0800540d   Thumb Code    34  stm32f4xx_exti.o(.text)
    EXTI_ClearITPendingBit                   0x0800542f   Thumb Code     8  stm32f4xx_exti.o(.text)
    GPIO_DeInit                              0x08005441   Thumb Code   220  stm32f4xx_gpio.o(.text)
    GPIO_Init                                0x0800551d   Thumb Code   144  stm32f4xx_gpio.o(.text)
    GPIO_StructInit                          0x080055ad   Thumb Code    18  stm32f4xx_gpio.o(.text)
    GPIO_PinLockConfig                       0x080055bf   Thumb Code    34  stm32f4xx_gpio.o(.text)
    GPIO_ReadInputDataBit                    0x080055e1   Thumb Code    18  stm32f4xx_gpio.o(.text)
    GPIO_ReadInputData                       0x080055f3   Thumb Code     8  stm32f4xx_gpio.o(.text)
    GPIO_ReadOutputDataBit                   0x080055fb   Thumb Code    18  stm32f4xx_gpio.o(.text)
    GPIO_ReadOutputData                      0x0800560d   Thumb Code     8  stm32f4xx_gpio.o(.text)
    GPIO_SetBits                             0x08005615   Thumb Code     4  stm32f4xx_gpio.o(.text)
    GPIO_ResetBits                           0x08005619   Thumb Code     4  stm32f4xx_gpio.o(.text)
    GPIO_WriteBit                            0x0800561d   Thumb Code    10  stm32f4xx_gpio.o(.text)
    GPIO_Write                               0x08005627   Thumb Code     4  stm32f4xx_gpio.o(.text)
    GPIO_ToggleBits                          0x0800562b   Thumb Code     8  stm32f4xx_gpio.o(.text)
    GPIO_PinAFConfig                         0x08005633   Thumb Code    70  stm32f4xx_gpio.o(.text)
    RCC_DeInit                               0x0800569d   Thumb Code    60  stm32f4xx_rcc.o(.text)
    RCC_HSEConfig                            0x080056d9   Thumb Code    14  stm32f4xx_rcc.o(.text)
    RCC_GetFlagStatus                        0x080056e7   Thumb Code    60  stm32f4xx_rcc.o(.text)
    RCC_WaitForHSEStartUp                    0x08005723   Thumb Code    56  stm32f4xx_rcc.o(.text)
    RCC_AdjustHSICalibrationValue            0x0800575b   Thumb Code    20  stm32f4xx_rcc.o(.text)
    RCC_HSICmd                               0x0800576f   Thumb Code     6  stm32f4xx_rcc.o(.text)
    RCC_LSEConfig                            0x08005775   Thumb Code    46  stm32f4xx_rcc.o(.text)
    RCC_LSICmd                               0x080057a3   Thumb Code     6  stm32f4xx_rcc.o(.text)
    RCC_PLLConfig                            0x080057a9   Thumb Code    32  stm32f4xx_rcc.o(.text)
    RCC_PLLCmd                               0x080057c9   Thumb Code     6  stm32f4xx_rcc.o(.text)
    RCC_PLLI2SConfig                         0x080057cf   Thumb Code    14  stm32f4xx_rcc.o(.text)
    RCC_PLLI2SCmd                            0x080057dd   Thumb Code     6  stm32f4xx_rcc.o(.text)
    RCC_ClockSecuritySystemCmd               0x080057e3   Thumb Code     6  stm32f4xx_rcc.o(.text)
    RCC_MCO1Config                           0x080057e9   Thumb Code    28  stm32f4xx_rcc.o(.text)
    RCC_MCO2Config                           0x08005805   Thumb Code    28  stm32f4xx_rcc.o(.text)
    RCC_SYSCLKConfig                         0x08005821   Thumb Code    20  stm32f4xx_rcc.o(.text)
    RCC_GetSYSCLKSource                      0x08005835   Thumb Code    12  stm32f4xx_rcc.o(.text)
    RCC_HCLKConfig                           0x08005841   Thumb Code    20  stm32f4xx_rcc.o(.text)
    RCC_PCLK1Config                          0x08005855   Thumb Code    20  stm32f4xx_rcc.o(.text)
    RCC_PCLK2Config                          0x08005869   Thumb Code    22  stm32f4xx_rcc.o(.text)
    RCC_GetClocksFreq                        0x0800587f   Thumb Code   222  stm32f4xx_rcc.o(.text)
    RCC_RTCCLKConfig                         0x0800595d   Thumb Code    54  stm32f4xx_rcc.o(.text)
    RCC_RTCCLKCmd                            0x08005993   Thumb Code     8  stm32f4xx_rcc.o(.text)
    RCC_BackupResetCmd                       0x0800599b   Thumb Code     8  stm32f4xx_rcc.o(.text)
    RCC_I2SCLKConfig                         0x080059a3   Thumb Code     6  stm32f4xx_rcc.o(.text)
    RCC_AHB1PeriphClockCmd                   0x080059a9   Thumb Code    34  stm32f4xx_rcc.o(.text)
    RCC_AHB2PeriphClockCmd                   0x080059cb   Thumb Code    34  stm32f4xx_rcc.o(.text)
    RCC_AHB3PeriphClockCmd                   0x080059ed   Thumb Code    34  stm32f4xx_rcc.o(.text)
    RCC_APB1PeriphClockCmd                   0x08005a0f   Thumb Code    34  stm32f4xx_rcc.o(.text)
    RCC_APB2PeriphClockCmd                   0x08005a31   Thumb Code    34  stm32f4xx_rcc.o(.text)
    RCC_AHB1PeriphResetCmd                   0x08005a53   Thumb Code    34  stm32f4xx_rcc.o(.text)
    RCC_AHB2PeriphResetCmd                   0x08005a75   Thumb Code    72  stm32f4xx_rcc.o(.text)
    RCC_AHB3PeriphResetCmd                   0x08005abd   Thumb Code    34  stm32f4xx_rcc.o(.text)
    RCC_APB1PeriphResetCmd                   0x08005adf   Thumb Code    34  stm32f4xx_rcc.o(.text)
    RCC_APB2PeriphResetCmd                   0x08005b01   Thumb Code    34  stm32f4xx_rcc.o(.text)
    RCC_AHB1PeriphClockLPModeCmd             0x08005b23   Thumb Code    34  stm32f4xx_rcc.o(.text)
    RCC_AHB2PeriphClockLPModeCmd             0x08005b45   Thumb Code    34  stm32f4xx_rcc.o(.text)
    RCC_AHB3PeriphClockLPModeCmd             0x08005b67   Thumb Code    34  stm32f4xx_rcc.o(.text)
    RCC_APB1PeriphClockLPModeCmd             0x08005b89   Thumb Code    34  stm32f4xx_rcc.o(.text)
    RCC_APB2PeriphClockLPModeCmd             0x08005bab   Thumb Code    34  stm32f4xx_rcc.o(.text)
    RCC_ITConfig                             0x08005bcd   Thumb Code    34  stm32f4xx_rcc.o(.text)
    RCC_ClearFlag                            0x08005bef   Thumb Code    18  stm32f4xx_rcc.o(.text)
    RCC_GetITStatus                          0x08005c01   Thumb Code    22  stm32f4xx_rcc.o(.text)
    RCC_ClearITPendingBit                    0x08005c17   Thumb Code     8  stm32f4xx_rcc.o(.text)
    SYSCFG_DeInit                            0x08005c25   Thumb Code    22  stm32f4xx_syscfg.o(.text)
    SYSCFG_MemoryRemapConfig                 0x08005c3b   Thumb Code     6  stm32f4xx_syscfg.o(.text)
    SYSCFG_EXTILineConfig                    0x08005c41   Thumb Code    66  stm32f4xx_syscfg.o(.text)
    SYSCFG_ETH_MediaInterfaceConfig          0x08005c83   Thumb Code     6  stm32f4xx_syscfg.o(.text)
    SYSCFG_CompensationCellCmd               0x08005c89   Thumb Code     6  stm32f4xx_syscfg.o(.text)
    SYSCFG_GetCompensationCellStatus         0x08005c8f   Thumb Code    22  stm32f4xx_syscfg.o(.text)
    Reset_Handler                            0x08005cb1   Thumb Code     8  startup_stm32f40xx.o(.text)
    ADC_IRQHandler                           0x08005ccb   Thumb Code     0  startup_stm32f40xx.o(.text)
    CAN1_RX0_IRQHandler                      0x08005ccb   Thumb Code     0  startup_stm32f40xx.o(.text)
    CAN1_RX1_IRQHandler                      0x08005ccb   Thumb Code     0  startup_stm32f40xx.o(.text)
    CAN1_SCE_IRQHandler                      0x08005ccb   Thumb Code     0  startup_stm32f40xx.o(.text)
    CAN1_TX_IRQHandler                       0x08005ccb   Thumb Code     0  startup_stm32f40xx.o(.text)
    CAN2_RX0_IRQHandler                      0x08005ccb   Thumb Code     0  startup_stm32f40xx.o(.text)
    CAN2_RX1_IRQHandler                      0x08005ccb   Thumb Code     0  startup_stm32f40xx.o(.text)
    CAN2_SCE_IRQHandler                      0x08005ccb   Thumb Code     0  startup_stm32f40xx.o(.text)
    CAN2_TX_IRQHandler                       0x08005ccb   Thumb Code     0  startup_stm32f40xx.o(.text)
    CRYP_IRQHandler                          0x08005ccb   Thumb Code     0  startup_stm32f40xx.o(.text)
    DCMI_IRQHandler                          0x08005ccb   Thumb Code     0  startup_stm32f40xx.o(.text)
    DMA1_Stream0_IRQHandler                  0x08005ccb   Thumb Code     0  startup_stm32f40xx.o(.text)
    DMA1_Stream1_IRQHandler                  0x08005ccb   Thumb Code     0  startup_stm32f40xx.o(.text)
    DMA1_Stream2_IRQHandler                  0x08005ccb   Thumb Code     0  startup_stm32f40xx.o(.text)
    DMA1_Stream3_IRQHandler                  0x08005ccb   Thumb Code     0  startup_stm32f40xx.o(.text)
    DMA1_Stream4_IRQHandler                  0x08005ccb   Thumb Code     0  startup_stm32f40xx.o(.text)
    DMA1_Stream5_IRQHandler                  0x08005ccb   Thumb Code     0  startup_stm32f40xx.o(.text)
    DMA1_Stream6_IRQHandler                  0x08005ccb   Thumb Code     0  startup_stm32f40xx.o(.text)
    DMA1_Stream7_IRQHandler                  0x08005ccb   Thumb Code     0  startup_stm32f40xx.o(.text)
    DMA2_Stream0_IRQHandler                  0x08005ccb   Thumb Code     0  startup_stm32f40xx.o(.text)
    DMA2_Stream1_IRQHandler                  0x08005ccb   Thumb Code     0  startup_stm32f40xx.o(.text)
    DMA2_Stream2_IRQHandler                  0x08005ccb   Thumb Code     0  startup_stm32f40xx.o(.text)
    DMA2_Stream3_IRQHandler                  0x08005ccb   Thumb Code     0  startup_stm32f40xx.o(.text)
    DMA2_Stream4_IRQHandler                  0x08005ccb   Thumb Code     0  startup_stm32f40xx.o(.text)
    DMA2_Stream5_IRQHandler                  0x08005ccb   Thumb Code     0  startup_stm32f40xx.o(.text)
    DMA2_Stream6_IRQHandler                  0x08005ccb   Thumb Code     0  startup_stm32f40xx.o(.text)
    DMA2_Stream7_IRQHandler                  0x08005ccb   Thumb Code     0  startup_stm32f40xx.o(.text)
    ETH_IRQHandler                           0x08005ccb   Thumb Code     0  startup_stm32f40xx.o(.text)
    ETH_WKUP_IRQHandler                      0x08005ccb   Thumb Code     0  startup_stm32f40xx.o(.text)
    EXTI15_10_IRQHandler                     0x08005ccb   Thumb Code     0  startup_stm32f40xx.o(.text)
    EXTI1_IRQHandler                         0x08005ccb   Thumb Code     0  startup_stm32f40xx.o(.text)
    EXTI2_IRQHandler                         0x08005ccb   Thumb Code     0  startup_stm32f40xx.o(.text)
    EXTI3_IRQHandler                         0x08005ccb   Thumb Code     0  startup_stm32f40xx.o(.text)
    EXTI4_IRQHandler                         0x08005ccb   Thumb Code     0  startup_stm32f40xx.o(.text)
    EXTI9_5_IRQHandler                       0x08005ccb   Thumb Code     0  startup_stm32f40xx.o(.text)
    FLASH_IRQHandler                         0x08005ccb   Thumb Code     0  startup_stm32f40xx.o(.text)
    FPU_IRQHandler                           0x08005ccb   Thumb Code     0  startup_stm32f40xx.o(.text)
    FSMC_IRQHandler                          0x08005ccb   Thumb Code     0  startup_stm32f40xx.o(.text)
    HASH_RNG_IRQHandler                      0x08005ccb   Thumb Code     0  startup_stm32f40xx.o(.text)
    I2C1_ER_IRQHandler                       0x08005ccb   Thumb Code     0  startup_stm32f40xx.o(.text)
    I2C1_EV_IRQHandler                       0x08005ccb   Thumb Code     0  startup_stm32f40xx.o(.text)
    I2C2_ER_IRQHandler                       0x08005ccb   Thumb Code     0  startup_stm32f40xx.o(.text)
    I2C2_EV_IRQHandler                       0x08005ccb   Thumb Code     0  startup_stm32f40xx.o(.text)
    I2C3_ER_IRQHandler                       0x08005ccb   Thumb Code     0  startup_stm32f40xx.o(.text)
    I2C3_EV_IRQHandler                       0x08005ccb   Thumb Code     0  startup_stm32f40xx.o(.text)
    OTG_FS_IRQHandler                        0x08005ccb   Thumb Code     0  startup_stm32f40xx.o(.text)
    OTG_FS_WKUP_IRQHandler                   0x08005ccb   Thumb Code     0  startup_stm32f40xx.o(.text)
    OTG_HS_EP1_IN_IRQHandler                 0x08005ccb   Thumb Code     0  startup_stm32f40xx.o(.text)
    OTG_HS_EP1_OUT_IRQHandler                0x08005ccb   Thumb Code     0  startup_stm32f40xx.o(.text)
    OTG_HS_IRQHandler                        0x08005ccb   Thumb Code     0  startup_stm32f40xx.o(.text)
    OTG_HS_WKUP_IRQHandler                   0x08005ccb   Thumb Code     0  startup_stm32f40xx.o(.text)
    PVD_IRQHandler                           0x08005ccb   Thumb Code     0  startup_stm32f40xx.o(.text)
    RCC_IRQHandler                           0x08005ccb   Thumb Code     0  startup_stm32f40xx.o(.text)
    RTC_Alarm_IRQHandler                     0x08005ccb   Thumb Code     0  startup_stm32f40xx.o(.text)
    RTC_WKUP_IRQHandler                      0x08005ccb   Thumb Code     0  startup_stm32f40xx.o(.text)
    SDIO_IRQHandler                          0x08005ccb   Thumb Code     0  startup_stm32f40xx.o(.text)
    SPI1_IRQHandler                          0x08005ccb   Thumb Code     0  startup_stm32f40xx.o(.text)
    SPI2_IRQHandler                          0x08005ccb   Thumb Code     0  startup_stm32f40xx.o(.text)
    SPI3_IRQHandler                          0x08005ccb   Thumb Code     0  startup_stm32f40xx.o(.text)
    TAMP_STAMP_IRQHandler                    0x08005ccb   Thumb Code     0  startup_stm32f40xx.o(.text)
    TIM1_BRK_TIM9_IRQHandler                 0x08005ccb   Thumb Code     0  startup_stm32f40xx.o(.text)
    TIM1_CC_IRQHandler                       0x08005ccb   Thumb Code     0  startup_stm32f40xx.o(.text)
    TIM1_TRG_COM_TIM11_IRQHandler            0x08005ccb   Thumb Code     0  startup_stm32f40xx.o(.text)
    TIM1_UP_TIM10_IRQHandler                 0x08005ccb   Thumb Code     0  startup_stm32f40xx.o(.text)
    TIM4_IRQHandler                          0x08005ccb   Thumb Code     0  startup_stm32f40xx.o(.text)
    TIM5_IRQHandler                          0x08005ccb   Thumb Code     0  startup_stm32f40xx.o(.text)
    TIM6_DAC_IRQHandler                      0x08005ccb   Thumb Code     0  startup_stm32f40xx.o(.text)
    TIM7_IRQHandler                          0x08005ccb   Thumb Code     0  startup_stm32f40xx.o(.text)
    TIM8_BRK_TIM12_IRQHandler                0x08005ccb   Thumb Code     0  startup_stm32f40xx.o(.text)
    TIM8_CC_IRQHandler                       0x08005ccb   Thumb Code     0  startup_stm32f40xx.o(.text)
    TIM8_TRG_COM_TIM14_IRQHandler            0x08005ccb   Thumb Code     0  startup_stm32f40xx.o(.text)
    TIM8_UP_TIM13_IRQHandler                 0x08005ccb   Thumb Code     0  startup_stm32f40xx.o(.text)
    UART4_IRQHandler                         0x08005ccb   Thumb Code     0  startup_stm32f40xx.o(.text)
    UART5_IRQHandler                         0x08005ccb   Thumb Code     0  startup_stm32f40xx.o(.text)
    USART1_IRQHandler                        0x08005ccb   Thumb Code     0  startup_stm32f40xx.o(.text)
    USART2_IRQHandler                        0x08005ccb   Thumb Code     0  startup_stm32f40xx.o(.text)
    USART3_IRQHandler                        0x08005ccb   Thumb Code     0  startup_stm32f40xx.o(.text)
    USART6_IRQHandler                        0x08005ccb   Thumb Code     0  startup_stm32f40xx.o(.text)
    WWDG_IRQHandler                          0x08005ccb   Thumb Code     0  startup_stm32f40xx.o(.text)
    SystemInit                               0x08005dad   Thumb Code    88  system_stm32f4xx.o(.text)
    SystemCoreClockUpdate                    0x08005e05   Thumb Code   174  system_stm32f4xx.o(.text)
    __aeabi_memcpy                           0x08005ee1   Thumb Code    36  memcpya.o(.text)
    __aeabi_memcpy4                          0x08005ee1   Thumb Code     0  memcpya.o(.text)
    __aeabi_memcpy8                          0x08005ee1   Thumb Code     0  memcpya.o(.text)
    __aeabi_memset                           0x08005f05   Thumb Code    14  memseta.o(.text)
    __aeabi_memset4                          0x08005f05   Thumb Code     0  memseta.o(.text)
    __aeabi_memset8                          0x08005f05   Thumb Code     0  memseta.o(.text)
    __aeabi_memclr                           0x08005f13   Thumb Code     4  memseta.o(.text)
    __aeabi_memclr4                          0x08005f13   Thumb Code     0  memseta.o(.text)
    __aeabi_memclr8                          0x08005f13   Thumb Code     0  memseta.o(.text)
    _memset$wrapper                          0x08005f17   Thumb Code    18  memseta.o(.text)
    memcmp                                   0x08005f29   Thumb Code    26  memcmp.o(.text)
    __aeabi_dadd                             0x08005f43   Thumb Code   322  dadd.o(.text)
    __aeabi_dsub                             0x08006085   Thumb Code     6  dadd.o(.text)
    __aeabi_drsub                            0x0800608b   Thumb Code     6  dadd.o(.text)
    __aeabi_dmul                             0x08006091   Thumb Code   228  dmul.o(.text)
    __aeabi_ddiv                             0x08006175   Thumb Code   222  ddiv.o(.text)
    __aeabi_ui2d                             0x08006253   Thumb Code    26  dfltui.o(.text)
    __aeabi_cdrcmple                         0x0800626d   Thumb Code    38  cdrcmple.o(.text)
    __aeabi_llsl                             0x08006295   Thumb Code    30  llshl.o(.text)
    _ll_shift_l                              0x08006295   Thumb Code     0  llshl.o(.text)
    __aeabi_lasr                             0x080062b3   Thumb Code    36  llsshr.o(.text)
    _ll_sshift_r                             0x080062b3   Thumb Code     0  llsshr.o(.text)
    __I$use$fp                               0x080062d7   Thumb Code     0  iusefp.o(.text)
    _double_round                            0x080062d7   Thumb Code    26  depilogue.o(.text)
    _double_epilogue                         0x080062f1   Thumb Code   164  depilogue.o(.text)
    __scatterload                            0x08006395   Thumb Code    28  init.o(.text)
    __scatterload_rt2                        0x08006395   Thumb Code     0  init.o(.text)
    __aeabi_llsr                             0x080063b9   Thumb Code    32  llushr.o(.text)
    _ll_ushift_r                             0x080063b9   Thumb Code     0  llushr.o(.text)
    __decompress                             0x080063d9   Thumb Code     0  __dczerorl2.o(.text)
    __decompress1                            0x080063d9   Thumb Code    92  __dczerorl2.o(.text)
    __0printf$2                              0x08006435   Thumb Code    22  printf2.o(i.__0printf$2)
    __1printf$2                              0x08006435   Thumb Code     0  printf2.o(i.__0printf$2)
    __2printf                                0x08006435   Thumb Code     0  printf2.o(i.__0printf$2)
    __hardfp_fabs                            0x08006455   Thumb Code    20  fabs.o(i.__hardfp_fabs)
    __scatterload_copy                       0x08006469   Thumb Code    14  handlers.o(i.__scatterload_copy)
    __scatterload_null                       0x08006477   Thumb Code     2  handlers.o(i.__scatterload_null)
    __scatterload_zeroinit                   0x08006479   Thumb Code    14  handlers.o(i.__scatterload_zeroinit)
    GPIO_PIN                                 0x0800655c   Data           8  stm32f4_discovery.o(.constdata)
    GPIO_CLK                                 0x08006564   Data          16  stm32f4_discovery.o(.constdata)
    BUTTON_PIN                               0x08006574   Data           2  stm32f4_discovery.o(.constdata)
    BUTTON_CLK                               0x08006578   Data           4  stm32f4_discovery.o(.constdata)
    BUTTON_EXTI_LINE                         0x0800657c   Data           2  stm32f4_discovery.o(.constdata)
    BUTTON_PORT_SOURCE                       0x0800657e   Data           1  stm32f4_discovery.o(.constdata)
    BUTTON_PIN_SOURCE                        0x0800657f   Data           1  stm32f4_discovery.o(.constdata)
    BUTTON_IRQn                              0x08006580   Data           1  stm32f4_discovery.o(.constdata)
    Region$$Table$$Base                      0x080065e4   Number         0  anon$$obj.o(Region$$Table)
    Region$$Table$$Limit                     0x08006604   Number         0  anon$$obj.o(Region$$Table)
    ulRegTest1LoopCounter                    0x20000000   Data           4  main.o(.data)
    ulRegTest2LoopCounter                    0x20000004   Data           4  main.o(.data)
    ulFPUInterruptNesting                    0x20000008   Data           4  main.o(.data)
    ulMaxFPUInterruptNesting                 0x2000000c   Data           4  main.o(.data)
    ulButtonPressCounts                      0x20000014   Data           4  main.o(.data)
    xSemaphoreHighP                          0x20000018   Data           4  main.o(.data)
    xSemaphoreMedP                           0x2000001c   Data           4  main.o(.data)
    xPCPsLow                                 0x20000020   Data           4  main.o(.data)
    xPCPsHigh1                               0x20000024   Data           4  main.o(.data)
    xPCPsHigh2                               0x20000028   Data           4  main.o(.data)
    xCreatedTask                             0x20000048   Data           4  death.o(.data)
    xSuspendedTestQueue                      0x200000f0   Data           4  dynamic.o(.data)
    GPIO_PORT                                0x20000138   Data          16  stm32f4_discovery.o(.data)
    BUTTON_PORT                              0x20000148   Data           4  stm32f4_discovery.o(.data)
    NVIC_InitStructure                       0x2000014c   Data           4  stm32f4_discovery.o(.data)
    pcpSYSCEILING                            0x20000150   Data           4  queue.o(.data)
    pxCurrentTCB                             0x20000154   Data           4  tasks.o(.data)
    SystemCoreClock                          0x200001d0   Data           4  system_stm32f4xx.o(.data)
    AHBPrescTable                            0x200001d4   Data          16  system_stm32f4xx.o(.data)
    __stdout                                 0x200001e4   Data           4  stdout.o(.data)
    PCP_Locks                                0x20000200   Data          20  queue.o(.bss)
    xQueueRegistry                           0x20000214   Data          64  queue.o(.bss)
    __initial_sp                             0x20013348   Data           0  startup_stm32f40xx.o(STACK)



==============================================================================

Memory Map of the image

  Image Entry point : 0x08005cb1

  Load Region LR_1 (Base: 0x08000000, Size: 0x000067ec, Max: 0xffffffff, ABSOLUTE, COMPRESSED[0x00006638])

    Execution Region ER_RO (Base: 0x08000000, Size: 0x00006604, Max: 0xffffffff, ABSOLUTE)

    Base Addr    Size         Type   Attr      Idx    E Section Name        Object

    0x08000000   0x00000188   Data   RO          825    RESET               startup_stm32f40xx.o
    0x08000188   0x00000000   Code   RO          859  * .ARM.Collect$$$$00000000  mc_w.l(entry.o)
    0x08000188   0x00000004   Code   RO         1141    .ARM.Collect$$$$00000001  mc_w.l(entry2.o)
    0x0800018c   0x00000004   Code   RO         1144    .ARM.Collect$$$$00000004  mc_w.l(entry5.o)
    0x08000190   0x00000000   Code   RO         1146    .ARM.Collect$$$$00000008  mc_w.l(entry7b.o)
    0x08000190   0x00000000   Code   RO         1148    .ARM.Collect$$$$0000000A  mc_w.l(entry8b.o)
    0x08000190   0x00000008   Code   RO         1149    .ARM.Collect$$$$0000000B  mc_w.l(entry9a.o)
    0x08000198   0x00000000   Code   RO         1151    .ARM.Collect$$$$0000000D  mc_w.l(entry10a.o)
    0x08000198   0x00000000   Code   RO         1153    .ARM.Collect$$$$0000000F  mc_w.l(entry11a.o)
    0x08000198   0x00000004   Code   RO         1142    .ARM.Collect$$$$00002712  mc_w.l(entry2.o)
    0x0800019c   0x000000c2   Code   RO          703    .emb_text           port.o
    0x0800025e   0x00000002   PAD
    0x08000260   0x00000828   Code   RO            3    .text               main.o
    0x08000a88   0x0000005c   Code   RO          225    .text               partest.o
    0x08000ae4   0x00000014   Code   RO          320    .text               stm32f4xx_it.o
    0x08000af8   0x00000150   Code   RO          345    .text               death.o
    0x08000c48   0x000000a8   Code   RO          366    .text               integer.o
    0x08000cf0   0x00000218   Code   RO          380    .text               semtest.o
    0x08000f08   0x000003d4   Code   RO          400    .text               regtest.o
    0x080012dc   0x000002c4   Code   RO          404    .text               recmutex.o
    0x080015a0   0x00000144   Code   RO          418    .text               pollq.o
    0x080016e4   0x000004e4   Code   RO          432    .text               genqtest.o
    0x08001bc8   0x00000554   Code   RO          446    .text               flop.o
    0x0800211c   0x000002dc   Code   RO          474    .text               dynamic.o
    0x080023f8   0x000001e8   Code   RO          489    .text               countsem.o
    0x080025e0   0x000003e4   Code   RO          504    .text               blocktim.o
    0x080029c4   0x00000260   Code   RO          518    .text               blockq.o
    0x08002c24   0x00000038   Code   RO          534    .text               debugout.o
    0x08002c5c   0x00000144   Code   RO          562    .text               stm32f4_discovery.o
    0x08002da0   0x00000094   Code   RO          621    .text               list.o
    0x08002e34   0x00000c50   Code   RO          633    .text               queue.o
    0x08003a84   0x00001048   Code   RO          653    .text               tasks.o
    0x08004acc   0x0000044a   Code   RO          673    .text               timers.o
    0x08004f16   0x00000002   PAD
    0x08004f18   0x0000012c   Code   RO          688    .text               heap_2.o
    0x08005044   0x000001fc   Code   RO          704    .text               port.o
    0x08005240   0x000000e4   Code   RO          723    .text               misc.o
    0x08005324   0x0000011c   Code   RO          743    .text               stm32f4xx_exti.o
    0x08005440   0x0000025c   Code   RO          763    .text               stm32f4xx_gpio.o
    0x0800569c   0x00000588   Code   RO          783    .text               stm32f4xx_rcc.o
    0x08005c24   0x0000008c   Code   RO          805    .text               stm32f4xx_syscfg.o
    0x08005cb0   0x00000024   Code   RO          826  * .text               startup_stm32f40xx.o
    0x08005cd4   0x0000020c   Code   RO          832    .text               system_stm32f4xx.o
    0x08005ee0   0x00000024   Code   RO          862    .text               mc_w.l(memcpya.o)
    0x08005f04   0x00000024   Code   RO          864    .text               mc_w.l(memseta.o)
    0x08005f28   0x0000001a   Code   RO          866    .text               mc_w.l(memcmp.o)
    0x08005f42   0x0000014e   Code   RO         1131    .text               mf_w.l(dadd.o)
    0x08006090   0x000000e4   Code   RO         1133    .text               mf_w.l(dmul.o)
    0x08006174   0x000000de   Code   RO         1135    .text               mf_w.l(ddiv.o)
    0x08006252   0x0000001a   Code   RO         1137    .text               mf_w.l(dfltui.o)
    0x0800626c   0x00000028   Code   RO         1139    .text               mf_w.l(cdrcmple.o)
    0x08006294   0x0000001e   Code   RO         1160    .text               mc_w.l(llshl.o)
    0x080062b2   0x00000024   Code   RO         1162    .text               mc_w.l(llsshr.o)
    0x080062d6   0x00000000   Code   RO         1164    .text               mc_w.l(iusefp.o)
    0x080062d6   0x000000be   Code   RO         1165    .text               mf_w.l(depilogue.o)
    0x08006394   0x00000024   Code   RO         1169    .text               mc_w.l(init.o)
    0x080063b8   0x00000020   Code   RO         1171    .text               mc_w.l(llushr.o)
    0x080063d8   0x0000005c   Code   RO         1181    .text               mc_w.l(__dczerorl2.o)
    0x08006434   0x00000020   Code   RO          937    i.__0printf$2       mc_w.l(printf2.o)
    0x08006454   0x00000014   Code   RO          853    i.__hardfp_fabs     m_wm.l(fabs.o)
    0x08006468   0x0000000e   Code   RO         1175    i.__scatterload_copy  mc_w.l(handlers.o)
    0x08006476   0x00000002   Code   RO         1176    i.__scatterload_null  mc_w.l(handlers.o)
    0x08006478   0x0000000e   Code   RO         1177    i.__scatterload_zeroinit  mc_w.l(handlers.o)
    0x08006486   0x000000d0   Code   RO          944    i._printf_core      mc_w.l(printf2.o)
    0x08006556   0x00000004   Data   RO          226    .constdata          partest.o
    0x0800655a   0x00000002   PAD
    0x0800655c   0x00000025   Data   RO          563    .constdata          stm32f4_discovery.o
    0x08006581   0x00000003   PAD
    0x08006584   0x0000004b   Data   RO          635    .constdata          queue.o
    0x080065cf   0x00000014   Data   RO          655    .constdata          tasks.o
    0x080065e3   0x00000001   PAD
    0x080065e4   0x00000020   Data   RO         1173    Region$$Table       anon$$obj.o


    Execution Region ER_RW (Base: 0x20000000, Size: 0x000001e8, Max: 0xffffffff, ABSOLUTE, COMPRESSED[0x00000034])

    Base Addr    Size         Type   Attr      Idx    E Section Name        Object

    0x20000000   0x00000038   Data   RW            4    .data               main.o
    0x20000038   0x00000014   Data   RW          346    .data               death.o
    0x2000004c   0x00000004   Data   RW          367    .data               integer.o
    0x20000050   0x00000012   Data   RW          381    .data               semtest.o
    0x20000062   0x00000002   PAD
    0x20000064   0x00000030   Data   RW          405    .data               recmutex.o
    0x20000094   0x0000000c   Data   RW          419    .data               pollq.o
    0x200000a0   0x00000020   Data   RW          433    .data               genqtest.o
    0x200000c0   0x00000008   Data   RW          447    .data               flop.o
    0x200000c8   0x0000002c   Data   RW          475    .data               dynamic.o
    0x200000f4   0x0000000c   Data   RW          491    .data               countsem.o
    0x20000100   0x00000020   Data   RW          505    .data               blocktim.o
    0x20000120   0x00000018   Data   RW          519    .data               blockq.o
    0x20000138   0x00000018   Data   RW          564    .data               stm32f4_discovery.o
    0x20000150   0x00000004   Data   RW          636    .data               queue.o
    0x20000154   0x00000038   Data   RW          656    .data               tasks.o
    0x2000018c   0x00000010   Data   RW          675    .data               timers.o
    0x2000019c   0x00000018   Data   RW          690    .data               heap_2.o
    0x200001b4   0x0000000c   Data   RW          705    .data               port.o
    0x200001c0   0x00000010   Data   RW          784    .data               stm32f4xx_rcc.o
    0x200001d0   0x00000014   Data   RW          833    .data               system_stm32f4xx.o
    0x200001e4   0x00000004   Data   RW         1155    .data               mc_w.l(stdout.o)


    Execution Region ER_ZI (Base: 0x200001e8, Size: 0x00013160, Max: 0xffffffff, ABSOLUTE)

    Base Addr    Size         Type   Attr      Idx    E Section Name        Object

    0x200001e8   0x00000018   Zero   RW          490    .bss                countsem.o
    0x20000200   0x00000054   Zero   RW          634    .bss                queue.o
    0x20000254   0x000000c8   Zero   RW          654    .bss                tasks.o
    0x2000031c   0x00000028   Zero   RW          674    .bss                timers.o
    0x20000344   0x00012c00   Zero   RW          689    .bss                heap_2.o
    0x20012f44   0x00000004   PAD
    0x20012f48   0x00000400   Zero   RW          823    STACK               startup_stm32f40xx.o


==============================================================================

Image component sizes


      Code (inc. data)   RO Data    RW Data    ZI Data      Debug   Object Name

       608         74          0         24          0       2974   blockq.o
       996         78          0         32          0       2335   blocktim.o
       488         70          0         12         24       2674   countsem.o
       336         54          0         20          0       3588   death.o
        56          6          0          0          0      28243   debugout.o
       732        130          0         44          0       2696   dynamic.o
         0          0          0          0          0       2392   event_groups.o
      1364        134          0          8          0       3212   flop.o
      1252        126          0         32          0       2708   genqtest.o
       300         24          0         24      76800       3228   heap_2.o
       168         18          0          4          0       2146   integer.o
       148          0          0          0          0       1910   list.o
      2088        712          0         56          0     281397   main.o
       228         22          0          0          0       1965   misc.o
        92          4          4          0          0      31442   partest.o
       324         54          0         12          0       1711   pollq.o
       702         50          0         12          0       5386   port.o
      3152        274         75          4         84      13285   queue.o
       708        100          0         48          0       2124   recmutex.o
       980         10          0          0          0        892   regtest.o
       536         82          0         18          0       8414   semtest.o
        36          8        392          0       1024        840   startup_stm32f40xx.o
       324         42         37         24          0       2810   stm32f4_discovery.o
       284         10          0          0          0       2443   stm32f4xx_exti.o
       604         36          0          0          0       4205   stm32f4xx_gpio.o
        20          0          0          0          0        947   stm32f4xx_it.o
      1416         48          0         16          0      11115   stm32f4xx_rcc.o
       140         12          0          0          0       1735   stm32f4xx_syscfg.o
       524         46          0         20          0       1927   system_stm32f4xx.o
      4168        294         20         56        200      17475   tasks.o
      1098         56          0         16         40       5992   timers.o

    ----------------------------------------------------------------------
     23876       2574        566        484      78176     454211   Object Totals
         0          0         32          0          0          0   (incl. Generated)
         4          0          6          2          4          0   (incl. Padding)

    ----------------------------------------------------------------------

      Code (inc. data)   RO Data    RW Data    ZI Data      Debug   Library Member Name

        20          0          0          0          0        124   fabs.o
        92          0          0          0          0          0   __dczerorl2.o
         0          0          0          0          0          0   entry.o
         0          0          0          0          0          0   entry10a.o
         0          0          0          0          0          0   entry11a.o
         8          4          0          0          0          0   entry2.o
         4          0          0          0          0          0   entry5.o
         0          0          0          0          0          0   entry7b.o
         0          0          0          0          0          0   entry8b.o
         8          4          0          0          0          0   entry9a.o
        30          0          0          0          0          0   handlers.o
        36          8          0          0          0         68   init.o
         0          0          0          0          0          0   iusefp.o
        30          0          0          0          0         68   llshl.o
        36          0          0          0          0         68   llsshr.o
        32          0          0          0          0         68   llushr.o
        26          0          0          0          0         80   memcmp.o
        36          0          0          0          0         68   memcpya.o
        36          0          0          0          0        108   memseta.o
       240         10          0          0          0        176   printf2.o
         0          0          0          4          0          0   stdout.o
        40          2          0          0          0         68   cdrcmple.o
       334          0          0          0          0        148   dadd.o
       222          0          0          0          0        100   ddiv.o
       190          0          0          0          0        176   depilogue.o
        26          0          0          0          0         76   dfltui.o
       228          0          0          0          0         96   dmul.o

    ----------------------------------------------------------------------
      1674         28          0          4          0       1492   Library Totals
         0          0          0          0          0          0   (incl. Padding)

    ----------------------------------------------------------------------

      Code (inc. data)   RO Data    RW Data    ZI Data      Debug   Library Name

        20          0          0          0          0        124   m_wm.l
       614         26          0          4          0        704   mc_w.l
      1040          2          0          0          0        664   mf_w.l

    ----------------------------------------------------------------------
      1674         28          0          4          0       1492   Library Totals

    ----------------------------------------------------------------------

==============================================================================


      Code (inc. data)   RO Data    RW Data    ZI Data      Debug   

     25550       2602        566        488      78176     448927   Grand Totals
     25550       2602        566         52      78176     448927   ELF Image Totals (compressed)
     25550       2602        566         52          0          0   ROM Totals

==============================================================================

    Total RO  Size (Code + RO Data)                26116 (  25.50kB)
    Total RW  Size (RW Data + ZI Data)             78664 (  76.82kB)
    Total ROM Size (Code + RO Data + RW Data)      26168 (  25.55kB)

==============================================================================

