<html>
<body>
<pre>
<h1>µVision Build Log</h1>
<h2>Project:</h2>
C:\Users\Danie_000\SkyDrive\FreeRTOS-STM32F407VG\MDK-ARM\FreeRTOS.uvprojx
Project File Date:  03/12/2014

<h2>Output:</h2>
Rebuild target 'Target 1'
compiling main.c...
compiling ParTest.c...
compiling stm32f4xx_it.c...
compiling death.c...
compiling integer.c...
compiling semtest.c...
assembling RegTest.s...
..\RegTest.s(517): warning: A1581W: Added 2 bytes of padding at address 0x3ca
compiling recmutex.c...
compiling PollQ.c...
compiling GenQTest.c...
compiling flop.c...
compiling flash.c...
compiling dynamic.c...
compiling countsem.c...
compiling blocktim.c...
compiling BlockQ.c...
compiling stm32f4_discovery.c...
compiling croutine.c...
compiling event_groups.c...
compiling list.c...
compiling queue.c...
compiling tasks.c...
compiling timers.c...
compiling heap_2.c...
compiling port.c...
..\FreeRTOS\portable\RVDS\ARM_CM4F\port.c(490): warning: A1581W: Added 2 bytes of padding at address 0xa2
compiling misc.c...
compiling stm32f4xx_exti.c...
compiling stm32f4xx_gpio.c...
compiling stm32f4xx_rcc.c...
compiling stm32f4xx_syscfg.c...
assembling startup_stm32f40xx.s...
compiling system_stm32f4xx.c...
linking...
Program Size: Code=23118 RO-data=490 RW-data=464 ZI-data=78152  
".\FreeRTOS.axf" - 0 Error(s), 2 Warning(s).

<h2>Software Packages used:</h2>

Package Vendor: ARM
                http://www.keil.com/pack/ARM.CMSIS.3.20.4.pack
                ARM::CMSIS:CORE:3.20.0
                Cortex Microcontroller Software Interface Standard (CMSIS) CORE, DSP, RTOS, Driver
   * Component: CORE Version: 3.20.0

Package Vendor: Keil
                http://www.keil.com/pack/Keil.STM32F4xx_DFP.1.0.5.pack
                Keil::Device:Startup:1.0.0
                STMicroelectronics STM32F4 Series Device Support, Drivers and Examples
   * Component: Startup Version: 1.0.0

<h2>Collection of Component include folders:</h2>
  C:\Users\Danie_000\SkyDrive\FreeRTOS-STM32F407VG\MDK-ARM\RTE
  C:\Users\Danie_000\SkyDrive\FreeRTOS-STM32F407VG\MDK-ARM\RTE\Device\STM32F407VG
  C:\Keil\ARM\PACK\ARM\CMSIS\3.20.4\CMSIS\Include
  C:\Keil\ARM\PACK\Keil\STM32F4xx_DFP\1.0.5\Device\Include

<h2>Collection of Component Files used:</h2>

   * Component: ARM::CMSIS:CORE:3.20.0

   * Component: Keil::Device:Startup:1.0.0
      Source file:   Device\Source\ARM\startup_stm32f40xx.s
      Source file:   Device\Source\system_stm32f4xx.c
      Include file:  Device\Include\stm32f4xx.h
      Include file:  RTE_Driver\Config\RTE_Device.h
</pre>
</body>
</html>
